Traceback (most recent call last):
  File "E:\develop\BSDP-Bike Sharing Demand Prediction Based on LSTM Model\BSDP\manage.py", line 25, in <module>
    main()
  File "E:\develop\BSDP-Bike Sharing Demand Prediction Based on LSTM Model\BSDP\manage.py", line 22, in main
    execute_from_command_line(sys.argv)
  File "E:\develop\python3.9.13\lib\site-packages\django\core\management\__init__.py", line 442, in execute_from_command_line
    utility.execute()
  File "E:\develop\python3.9.13\lib\site-packages\django\core\management\__init__.py", line 436, in execute
    self.fetch_command(subcommand).run_from_argv(self.argv)
  File "E:\develop\python3.9.13\lib\site-packages\django\core\management\base.py", line 412, in run_from_argv
    self.execute(*args, **cmd_options)
  File "E:\develop\python3.9.13\lib\site-packages\django\core\management\commands\runserver.py", line 74, in execute
    super().execute(*args, **options)
  File "E:\develop\python3.9.13\lib\site-packages\django\core\management\base.py", line 458, in execute
    output = self.handle(*args, **options)
  File "E:\develop\python3.9.13\lib\site-packages\django\core\management\commands\runserver.py", line 111, in handle
    self.run(**options)
  File "E:\develop\python3.9.13\lib\site-packages\django\core\management\commands\runserver.py", line 120, in run
    self.inner_run(None, **options)
  File "E:\develop\python3.9.13\lib\site-packages\django\core\management\commands\runserver.py", line 136, in inner_run
    self.check_migrations()
  File "E:\develop\python3.9.13\lib\site-packages\django\core\management\base.py", line 574, in check_migrations
    executor = MigrationExecutor(connections[DEFAULT_DB_ALIAS])
  File "E:\develop\python3.9.13\lib\site-packages\django\db\migrations\executor.py", line 18, in __init__
    self.loader = MigrationLoader(self.connection)
  File "E:\develop\python3.9.13\lib\site-packages\django\db\migrations\loader.py", line 58, in __init__
    self.build_graph()
  File "E:\develop\python3.9.13\lib\site-packages\django\db\migrations\loader.py", line 276, in build_graph
    self.graph.validate_consistency()
  File "E:\develop\python3.9.13\lib\site-packages\django\db\migrations\graph.py", line 198, in validate_consistency
    [n.raise_error() for n in self.node_map.values() if isinstance(n, DummyNode)]
  File "E:\develop\python3.9.13\lib\site-packages\django\db\migrations\graph.py", line 198, in <listcomp>
    [n.raise_error() for n in self.node_map.values() if isinstance(n, DummyNode)]
  File "E:\develop\python3.9.13\lib\site-packages\django\db\migrations\graph.py", line 60, in raise_error
    raise NodeNotFoundError(self.error_message, self.key, origin=self.origin)
django.db.migrations.exceptions.NodeNotFoundError: Migration data_process.0003_dataprocesslog dependencies reference nonexistent parent node ('data_process', '0002_remove_bikeridedata_weather_bikeridedata_temperature_and_more')
