[20/Apr/2026 20:18:53] "GET /predict/ HTTP/1.1" 302 0
[20/Apr/2026 20:18:53] "GET /accounts/login/?next=/predict/ HTTP/1.1" 302 0
[20/Apr/2026 20:18:53] "GET /system/login/ HTTP/1.1" 200 4154
[20/Apr/2026 20:18:53] "GET /operation/ HTTP/1.1" 302 0
[20/Apr/2026 20:18:53] "GET /accounts/login/?next=/operation/ HTTP/1.1" 302 0
[20/Apr/2026 20:18:53] "GET /system/login/ HTTP/1.1" 200 4154
[20/Apr/2026 20:18:53] "GET /operation/vehicles/ HTTP/1.1" 302 0
[20/Apr/2026 20:18:53] "GET /accounts/login/?next=/operation/vehicles/ HTTP/1.1" 302 0
[20/Apr/2026 20:18:53] "GET /system/login/ HTTP/1.1" 200 4154
[20/Apr/2026 20:18:53] "GET /system/settings/ HTTP/1.1" 302 0
[20/Apr/2026 20:18:53] "GET /accounts/login/?next=/system/settings/ HTTP/1.1" 302 0
[20/Apr/2026 20:18:53] "GET /system/login/ HTTP/1.1" 200 4154
[20/Apr/2026 20:19:00] "GET /predict/api/48h/ HTTP/1.1" 302 0
[20/Apr/2026 20:19:00] "GET /accounts/login/?next=/predict/api/48h/ HTTP/1.1" 302 0
[20/Apr/2026 20:19:00] "GET /system/login/ HTTP/1.1" 200 4154
[20/Apr/2026 20:19:10] "GET /predict/api/48h/ HTTP/1.1" 302 0
[20/Apr/2026 20:19:10] "GET /accounts/login/?next=/predict/api/48h/ HTTP/1.1" 302 0
[20/Apr/2026 20:19:10] "GET /system/login/ HTTP/1.1" 200 4154
[20/Apr/2026 20:19:20] "GET /predict/api/48h/ HTTP/1.1" 302 0
[20/Apr/2026 20:19:20] "GET /accounts/login/?next=/predict/api/48h/ HTTP/1.1" 302 0
[20/Apr/2026 20:19:20] "GET /system/login/ HTTP/1.1" 200 4154
[20/Apr/2026 20:19:30] "GET /predict/api/48h/ HTTP/1.1" 302 0
[20/Apr/2026 20:19:30] "GET /accounts/login/?next=/predict/api/48h/ HTTP/1.1" 302 0
[20/Apr/2026 20:19:30] "GET /system/login/ HTTP/1.1" 200 4154
[20/Apr/2026 20:19:40] "GET /predict/api/48h/ HTTP/1.1" 302 0
[20/Apr/2026 20:19:40] "GET /accounts/login/?next=/predict/api/48h/ HTTP/1.1" 302 0
[20/Apr/2026 20:19:40] "GET /system/login/ HTTP/1.1" 200 4154
[20/Apr/2026 20:19:50] "GET /predict/api/48h/ HTTP/1.1" 302 0
[20/Apr/2026 20:19:50] "GET /accounts/login/?next=/predict/api/48h/ HTTP/1.1" 302 0
[20/Apr/2026 20:19:50] "GET /system/login/ HTTP/1.1" 200 4154
[20/Apr/2026 20:19:54] "GET / HTTP/1.1" 302 0
[20/Apr/2026 20:19:54] "GET /system/dashboard/ HTTP/1.1" 302 0
[20/Apr/2026 20:19:54] "GET /accounts/login/?next=/system/dashboard/ HTTP/1.1" 302 0
[20/Apr/2026 20:19:54] "GET /system/login/ HTTP/1.1" 200 4154
[20/Apr/2026 20:19:54] "GET /system/dashboard/ HTTP/1.1" 302 0
[20/Apr/2026 20:19:54] "GET /accounts/login/?next=/system/dashboard/ HTTP/1.1" 302 0
[20/Apr/2026 20:19:54] "GET /system/login/ HTTP/1.1" 200 4154
[20/Apr/2026 20:20:00] "GET /predict/api/48h/ HTTP/1.1" 302 0
[20/Apr/2026 20:20:00] "GET /accounts/login/?next=/predict/api/48h/ HTTP/1.1" 302 0
[20/Apr/2026 20:20:00] "GET /system/login/ HTTP/1.1" 200 4154
[20/Apr/2026 20:20:10] "GET /predict/api/48h/ HTTP/1.1" 302 0
[20/Apr/2026 20:20:10] "GET /accounts/login/?next=/predict/api/48h/ HTTP/1.1" 302 0
[20/Apr/2026 20:20:10] "GET /system/login/ HTTP/1.1" 200 4154
[20/Apr/2026 20:20:20] "GET /predict/api/48h/ HTTP/1.1" 302 0
[20/Apr/2026 20:20:20] "GET /accounts/login/?next=/predict/api/48h/ HTTP/1.1" 302 0
[20/Apr/2026 20:20:20] "GET /system/login/ HTTP/1.1" 200 4154
[20/Apr/2026 20:20:30] "GET /predict/api/48h/ HTTP/1.1" 302 0
[20/Apr/2026 20:20:30] "GET /accounts/login/?next=/predict/api/48h/ HTTP/1.1" 302 0
[20/Apr/2026 20:20:30] "GET /system/login/ HTTP/1.1" 200 4154
[20/Apr/2026 20:20:40] "GET /predict/api/48h/ HTTP/1.1" 302 0
[20/Apr/2026 20:20:40] "GET /accounts/login/?next=/predict/api/48h/ HTTP/1.1" 302 0
[20/Apr/2026 20:20:40] "GET /system/login/ HTTP/1.1" 200 4154
[20/Apr/2026 20:20:50] "GET /predict/api/48h/ HTTP/1.1" 302 0
[20/Apr/2026 20:20:50] "GET /accounts/login/?next=/predict/api/48h/ HTTP/1.1" 302 0
[20/Apr/2026 20:20:50] "GET /system/login/ HTTP/1.1" 200 4154
[20/Apr/2026 20:21:00] "GET /predict/api/48h/ HTTP/1.1" 302 0
[20/Apr/2026 20:21:00] "GET /accounts/login/?next=/predict/api/48h/ HTTP/1.1" 302 0
[20/Apr/2026 20:21:00] "GET /system/login/ HTTP/1.1" 200 4154
[20/Apr/2026 20:21:10] "GET /predict/api/48h/ HTTP/1.1" 302 0
[20/Apr/2026 20:21:10] "GET /accounts/login/?next=/predict/api/48h/ HTTP/1.1" 302 0
[20/Apr/2026 20:21:10] "GET /system/login/ HTTP/1.1" 200 4154
[20/Apr/2026 20:21:20] "GET /predict/api/48h/ HTTP/1.1" 302 0
[20/Apr/2026 20:21:20] "GET /accounts/login/?next=/predict/api/48h/ HTTP/1.1" 302 0
[20/Apr/2026 20:21:20] "GET /system/login/ HTTP/1.1" 200 4154
[20/Apr/2026 20:21:30] "GET /predict/api/48h/ HTTP/1.1" 302 0
[20/Apr/2026 20:21:30] "GET /accounts/login/?next=/predict/api/48h/ HTTP/1.1" 302 0
[20/Apr/2026 20:21:30] "GET /system/login/ HTTP/1.1" 200 4154
[20/Apr/2026 20:21:40] "GET /predict/api/48h/ HTTP/1.1" 302 0
[20/Apr/2026 20:21:40] "GET /accounts/login/?next=/predict/api/48h/ HTTP/1.1" 302 0
[20/Apr/2026 20:21:40] "GET /system/login/ HTTP/1.1" 200 4154
[20/Apr/2026 20:21:40] "GET /system/login/ HTTP/1.1" 200 4154
[20/Apr/2026 20:21:50] "GET /predict/api/48h/ HTTP/1.1" 302 0
[20/Apr/2026 20:21:50] "GET /accounts/login/?next=/predict/api/48h/ HTTP/1.1" 302 0
[20/Apr/2026 20:21:50] "GET /system/login/ HTTP/1.1" 200 4154
[20/Apr/2026 20:22:00] "GET /predict/api/48h/ HTTP/1.1" 302 0
[20/Apr/2026 20:22:00] "GET /accounts/login/?next=/predict/api/48h/ HTTP/1.1" 302 0
[20/Apr/2026 20:22:00] "GET /system/login/ HTTP/1.1" 200 4154
[20/Apr/2026 20:22:10] "GET /predict/api/48h/ HTTP/1.1" 302 0
[20/Apr/2026 20:22:10] "GET /accounts/login/?next=/predict/api/48h/ HTTP/1.1" 302 0
[20/Apr/2026 20:22:10] "GET /system/login/ HTTP/1.1" 200 4154
[20/Apr/2026 20:22:20] "GET /predict/api/48h/ HTTP/1.1" 302 0
[20/Apr/2026 20:22:20] "GET /accounts/login/?next=/predict/api/48h/ HTTP/1.1" 302 0
[20/Apr/2026 20:22:20] "GET /system/login/ HTTP/1.1" 200 4154
[20/Apr/2026 20:22:23] "GET / HTTP/1.1" 302 0
[20/Apr/2026 20:22:23] "GET /system/dashboard/ HTTP/1.1" 302 0
[20/Apr/2026 20:22:23] "GET /accounts/login/?next=/system/dashboard/ HTTP/1.1" 302 0
[20/Apr/2026 20:22:23] "GET /system/login/ HTTP/1.1" 200 4154
[20/Apr/2026 20:22:23] "GET /system/dashboard/ HTTP/1.1" 302 0
[20/Apr/2026 20:22:23] "GET /accounts/login/?next=/system/dashboard/ HTTP/1.1" 302 0
[20/Apr/2026 20:22:23] "GET /system/login/ HTTP/1.1" 200 4154
[20/Apr/2026 20:22:30] "GET /predict/api/48h/ HTTP/1.1" 302 0
[20/Apr/2026 20:22:30] "GET /accounts/login/?next=/predict/api/48h/ HTTP/1.1" 302 0
[20/Apr/2026 20:22:30] "GET /system/login/ HTTP/1.1" 200 4154
[20/Apr/2026 20:22:40] "GET /predict/api/48h/ HTTP/1.1" 302 0
[20/Apr/2026 20:22:40] "GET /accounts/login/?next=/predict/api/48h/ HTTP/1.1" 302 0
[20/Apr/2026 20:22:40] "GET /system/login/ HTTP/1.1" 200 4154
[20/Apr/2026 20:22:50] "GET /predict/api/48h/ HTTP/1.1" 302 0
[20/Apr/2026 20:22:50] "GET /accounts/login/?next=/predict/api/48h/ HTTP/1.1" 302 0
[20/Apr/2026 20:22:50] "GET /system/login/ HTTP/1.1" 200 4154
[20/Apr/2026 20:23:00] "GET /predict/api/48h/ HTTP/1.1" 302 0
[20/Apr/2026 20:23:00] "GET /accounts/login/?next=/predict/api/48h/ HTTP/1.1" 302 0
[20/Apr/2026 20:23:00] "GET /system/login/ HTTP/1.1" 200 4154
[20/Apr/2026 20:23:10] "GET /predict/api/48h/ HTTP/1.1" 302 0
[20/Apr/2026 20:23:10] "GET /accounts/login/?next=/predict/api/48h/ HTTP/1.1" 302 0
[20/Apr/2026 20:23:10] "GET /system/login/ HTTP/1.1" 200 4154
[20/Apr/2026 20:23:20] "GET /predict/api/48h/ HTTP/1.1" 302 0
[20/Apr/2026 20:23:20] "GET /accounts/login/?next=/predict/api/48h/ HTTP/1.1" 302 0
[20/Apr/2026 20:23:20] "GET /system/login/ HTTP/1.1" 200 4154
[20/Apr/2026 20:23:30] "GET /predict/api/48h/ HTTP/1.1" 302 0
[20/Apr/2026 20:23:30] "GET /accounts/login/?next=/predict/api/48h/ HTTP/1.1" 302 0
[20/Apr/2026 20:23:30] "GET /system/login/ HTTP/1.1" 200 4154
[20/Apr/2026 20:23:40] "GET /predict/api/48h/ HTTP/1.1" 302 0
[20/Apr/2026 20:23:40] "GET /accounts/login/?next=/predict/api/48h/ HTTP/1.1" 302 0
[20/Apr/2026 20:23:40] "GET /system/login/ HTTP/1.1" 200 4154
[20/Apr/2026 20:23:50] "GET /predict/api/48h/ HTTP/1.1" 302 0
[20/Apr/2026 20:23:50] "GET /accounts/login/?next=/predict/api/48h/ HTTP/1.1" 302 0
[20/Apr/2026 20:23:50] "GET /system/login/ HTTP/1.1" 200 4154
[20/Apr/2026 20:24:00] "GET /predict/api/48h/ HTTP/1.1" 302 0
[20/Apr/2026 20:24:00] "GET /accounts/login/?next=/predict/api/48h/ HTTP/1.1" 302 0
[20/Apr/2026 20:24:00] "GET /system/login/ HTTP/1.1" 200 4154
[20/Apr/2026 20:24:10] "GET /predict/api/48h/ HTTP/1.1" 302 0
[20/Apr/2026 20:24:10] "GET /accounts/login/?next=/predict/api/48h/ HTTP/1.1" 302 0
[20/Apr/2026 20:24:10] "GET /system/login/ HTTP/1.1" 200 4154
[20/Apr/2026 20:24:20] "GET /predict/api/48h/ HTTP/1.1" 302 0
[20/Apr/2026 20:24:20] "GET /accounts/login/?next=/predict/api/48h/ HTTP/1.1" 302 0
[20/Apr/2026 20:24:20] "GET /system/login/ HTTP/1.1" 200 4154
[20/Apr/2026 20:24:30] "GET /predict/api/48h/ HTTP/1.1" 302 0
[20/Apr/2026 20:24:30] "GET /accounts/login/?next=/predict/api/48h/ HTTP/1.1" 302 0
[20/Apr/2026 20:24:30] "GET /system/login/ HTTP/1.1" 200 4154
[20/Apr/2026 20:24:40] "GET /predict/api/48h/ HTTP/1.1" 302 0
[20/Apr/2026 20:24:40] "GET /accounts/login/?next=/predict/api/48h/ HTTP/1.1" 302 0
[20/Apr/2026 20:24:40] "GET /system/login/ HTTP/1.1" 200 4154
[20/Apr/2026 20:24:50] "GET /predict/api/48h/ HTTP/1.1" 302 0
[20/Apr/2026 20:24:50] "GET /accounts/login/?next=/predict/api/48h/ HTTP/1.1" 302 0
[20/Apr/2026 20:24:50] "GET /system/login/ HTTP/1.1" 200 4154
[20/Apr/2026 20:25:00] "GET /predict/api/48h/ HTTP/1.1" 302 0
[20/Apr/2026 20:25:00] "GET /accounts/login/?next=/predict/api/48h/ HTTP/1.1" 302 0
[20/Apr/2026 20:25:00] "GET /system/login/ HTTP/1.1" 200 4154
[20/Apr/2026 20:25:10] "GET /predict/api/48h/ HTTP/1.1" 302 0
[20/Apr/2026 20:25:10] "GET /accounts/login/?next=/predict/api/48h/ HTTP/1.1" 302 0
[20/Apr/2026 20:25:10] "GET /system/login/ HTTP/1.1" 200 4154
[20/Apr/2026 20:25:15] "GET /system/login/ HTTP/1.1" 200 4154
[20/Apr/2026 20:25:20] "GET /predict/api/48h/ HTTP/1.1" 302 0
[20/Apr/2026 20:25:20] "GET /accounts/login/?next=/predict/api/48h/ HTTP/1.1" 302 0
[20/Apr/2026 20:25:20] "GET /system/login/ HTTP/1.1" 200 4154
[20/Apr/2026 20:25:30] "GET /predict/api/48h/ HTTP/1.1" 302 0
[20/Apr/2026 20:25:30] "GET /accounts/login/?next=/predict/api/48h/ HTTP/1.1" 302 0
[20/Apr/2026 20:25:30] "GET /system/login/ HTTP/1.1" 200 4154
[20/Apr/2026 20:25:31] "POST /system/login/ HTTP/1.1" 200 4288
[20/Apr/2026 20:25:38] "POST /system/login/ HTTP/1.1" 200 4270
[20/Apr/2026 20:25:40] "GET /predict/api/48h/ HTTP/1.1" 302 0
[20/Apr/2026 20:25:40] "GET /accounts/login/?next=/predict/api/48h/ HTTP/1.1" 302 0
[20/Apr/2026 20:25:40] "GET /system/login/ HTTP/1.1" 200 4154
[20/Apr/2026 20:25:50] "GET /predict/api/48h/ HTTP/1.1" 302 0
[20/Apr/2026 20:25:50] "GET /accounts/login/?next=/predict/api/48h/ HTTP/1.1" 302 0
[20/Apr/2026 20:25:50] "GET /system/login/ HTTP/1.1" 200 4154
[20/Apr/2026 20:26:00] "GET /predict/api/48h/ HTTP/1.1" 302 0
[20/Apr/2026 20:26:00] "GET /accounts/login/?next=/predict/api/48h/ HTTP/1.1" 302 0
[20/Apr/2026 20:26:00] "GET /system/login/ HTTP/1.1" 200 4154
[20/Apr/2026 20:26:01] "POST /system/login/ HTTP/1.1" 200 4270
[20/Apr/2026 20:26:10] "GET /predict/api/48h/ HTTP/1.1" 302 0
[20/Apr/2026 20:26:10] "GET /accounts/login/?next=/predict/api/48h/ HTTP/1.1" 302 0
[20/Apr/2026 20:26:10] "GET /system/login/ HTTP/1.1" 200 4154
[20/Apr/2026 20:26:20] "GET /predict/api/48h/ HTTP/1.1" 302 0
[20/Apr/2026 20:26:20] "GET /accounts/login/?next=/predict/api/48h/ HTTP/1.1" 302 0
[20/Apr/2026 20:26:20] "GET /system/login/ HTTP/1.1" 200 4154
[20/Apr/2026 20:26:21] "POST /system/login/ HTTP/1.1" 200 4270
[20/Apr/2026 20:26:30] "GET /predict/api/48h/ HTTP/1.1" 302 0
[20/Apr/2026 20:26:30] "GET /accounts/login/?next=/predict/api/48h/ HTTP/1.1" 302 0
[20/Apr/2026 20:26:30] "GET /system/login/ HTTP/1.1" 200 4154
[20/Apr/2026 20:26:37] "GET /predict/ HTTP/1.1" 302 0
[20/Apr/2026 20:26:37] "GET /accounts/login/?next=/predict/ HTTP/1.1" 302 0
[20/Apr/2026 20:26:37] "GET /system/login/ HTTP/1.1" 200 4154
[20/Apr/2026 20:26:40] "GET /predict/api/48h/ HTTP/1.1" 302 0
[20/Apr/2026 20:26:40] "GET /accounts/login/?next=/predict/api/48h/ HTTP/1.1" 302 0
[20/Apr/2026 20:26:40] "GET /system/login/ HTTP/1.1" 200 4154
[20/Apr/2026 20:26:40] "POST /system/login/ HTTP/1.1" 200 4270
[20/Apr/2026 20:26:50] "GET /predict/api/48h/ HTTP/1.1" 302 0
[20/Apr/2026 20:26:50] "GET /accounts/login/?next=/predict/api/48h/ HTTP/1.1" 302 0
[20/Apr/2026 20:26:50] "GET /system/login/ HTTP/1.1" 200 4154
[20/Apr/2026 20:27:00] "GET /predict/api/48h/ HTTP/1.1" 302 0
[20/Apr/2026 20:27:00] "GET /accounts/login/?next=/predict/api/48h/ HTTP/1.1" 302 0
[20/Apr/2026 20:27:00] "GET /system/login/ HTTP/1.1" 200 4154
[20/Apr/2026 20:27:10] "GET /predict/api/48h/ HTTP/1.1" 302 0
[20/Apr/2026 20:27:10] "GET /accounts/login/?next=/predict/api/48h/ HTTP/1.1" 302 0
[20/Apr/2026 20:27:10] "GET /system/login/ HTTP/1.1" 200 4154
[20/Apr/2026 20:27:20] "GET /predict/api/48h/ HTTP/1.1" 302 0
[20/Apr/2026 20:27:20] "GET /accounts/login/?next=/predict/api/48h/ HTTP/1.1" 302 0
[20/Apr/2026 20:27:20] "GET /system/login/ HTTP/1.1" 200 4154
[20/Apr/2026 20:27:30] "GET /predict/api/48h/ HTTP/1.1" 302 0
[20/Apr/2026 20:27:30] "GET /accounts/login/?next=/predict/api/48h/ HTTP/1.1" 302 0
[20/Apr/2026 20:27:30] "GET /system/login/ HTTP/1.1" 200 4154
[20/Apr/2026 20:27:40] "GET /predict/api/48h/ HTTP/1.1" 302 0
[20/Apr/2026 20:27:40] "GET /accounts/login/?next=/predict/api/48h/ HTTP/1.1" 302 0
[20/Apr/2026 20:27:40] "GET /system/login/ HTTP/1.1" 200 4154
[20/Apr/2026 20:27:50] "GET /predict/api/48h/ HTTP/1.1" 302 0
[20/Apr/2026 20:27:50] "GET /accounts/login/?next=/predict/api/48h/ HTTP/1.1" 302 0
[20/Apr/2026 20:27:50] "GET /system/login/ HTTP/1.1" 200 4154
[20/Apr/2026 20:28:00] "GET /predict/api/48h/ HTTP/1.1" 302 0
[20/Apr/2026 20:28:00] "GET /accounts/login/?next=/predict/api/48h/ HTTP/1.1" 302 0
[20/Apr/2026 20:28:00] "GET /system/login/ HTTP/1.1" 200 4154
[20/Apr/2026 20:28:10] "GET /predict/api/48h/ HTTP/1.1" 302 0
[20/Apr/2026 20:28:10] "GET /accounts/login/?next=/predict/api/48h/ HTTP/1.1" 302 0
[20/Apr/2026 20:28:10] "GET /system/login/ HTTP/1.1" 200 4154
[20/Apr/2026 20:28:20] "GET /predict/api/48h/ HTTP/1.1" 302 0
[20/Apr/2026 20:28:20] "GET /accounts/login/?next=/predict/api/48h/ HTTP/1.1" 302 0
[20/Apr/2026 20:28:20] "GET /system/login/ HTTP/1.1" 200 4154
[20/Apr/2026 20:28:30] "GET /predict/api/48h/ HTTP/1.1" 302 0
[20/Apr/2026 20:28:30] "GET /accounts/login/?next=/predict/api/48h/ HTTP/1.1" 302 0
[20/Apr/2026 20:28:30] "GET /system/login/ HTTP/1.1" 200 4154
[20/Apr/2026 20:28:40] "GET /predict/api/48h/ HTTP/1.1" 302 0
[20/Apr/2026 20:28:40] "GET /accounts/login/?next=/predict/api/48h/ HTTP/1.1" 302 0
[20/Apr/2026 20:28:40] "GET /system/login/ HTTP/1.1" 200 4154
[20/Apr/2026 20:28:50] "GET /predict/api/48h/ HTTP/1.1" 302 0
[20/Apr/2026 20:28:50] "GET /accounts/login/?next=/predict/api/48h/ HTTP/1.1" 302 0
[20/Apr/2026 20:28:50] "GET /system/login/ HTTP/1.1" 200 4154
[20/Apr/2026 20:29:00] "GET /predict/api/48h/ HTTP/1.1" 302 0
[20/Apr/2026 20:29:00] "GET /accounts/login/?next=/predict/api/48h/ HTTP/1.1" 302 0
[20/Apr/2026 20:29:00] "GET /system/login/ HTTP/1.1" 200 4154
[20/Apr/2026 20:29:10] "GET /predict/api/48h/ HTTP/1.1" 302 0
[20/Apr/2026 20:29:10] "GET /accounts/login/?next=/predict/api/48h/ HTTP/1.1" 302 0
[20/Apr/2026 20:29:10] "GET /system/login/ HTTP/1.1" 200 4154
[20/Apr/2026 20:29:20] "GET /predict/api/48h/ HTTP/1.1" 302 0
[20/Apr/2026 20:29:20] "GET /accounts/login/?next=/predict/api/48h/ HTTP/1.1" 302 0
[20/Apr/2026 20:29:20] "GET /system/login/ HTTP/1.1" 200 4154
[20/Apr/2026 20:29:30] "GET /predict/api/48h/ HTTP/1.1" 302 0
[20/Apr/2026 20:29:30] "GET /accounts/login/?next=/predict/api/48h/ HTTP/1.1" 302 0
[20/Apr/2026 20:29:30] "GET /system/login/ HTTP/1.1" 200 4154
[20/Apr/2026 20:29:40] "GET /predict/api/48h/ HTTP/1.1" 302 0
[20/Apr/2026 20:29:40] "GET /accounts/login/?next=/predict/api/48h/ HTTP/1.1" 302 0
[20/Apr/2026 20:29:40] "GET /system/login/ HTTP/1.1" 200 4154
[20/Apr/2026 20:29:50] "GET /predict/api/48h/ HTTP/1.1" 302 0
[20/Apr/2026 20:29:50] "GET /accounts/login/?next=/predict/api/48h/ HTTP/1.1" 302 0
[20/Apr/2026 20:29:50] "GET /system/login/ HTTP/1.1" 200 4154
[20/Apr/2026 20:30:00] "GET /predict/api/48h/ HTTP/1.1" 302 0
[20/Apr/2026 20:30:00] "GET /accounts/login/?next=/predict/api/48h/ HTTP/1.1" 302 0
[20/Apr/2026 20:30:00] "GET /system/login/ HTTP/1.1" 200 4154
[20/Apr/2026 20:30:10] "GET /predict/api/48h/ HTTP/1.1" 302 0
[20/Apr/2026 20:30:10] "GET /accounts/login/?next=/predict/api/48h/ HTTP/1.1" 302 0
[20/Apr/2026 20:30:10] "GET /system/login/ HTTP/1.1" 200 4154
[20/Apr/2026 20:30:20] "GET /predict/api/48h/ HTTP/1.1" 302 0
[20/Apr/2026 20:30:20] "GET /accounts/login/?next=/predict/api/48h/ HTTP/1.1" 302 0
[20/Apr/2026 20:30:20] "GET /system/login/ HTTP/1.1" 200 4154
[20/Apr/2026 20:30:30] "GET /predict/api/48h/ HTTP/1.1" 302 0
[20/Apr/2026 20:30:30] "GET /accounts/login/?next=/predict/api/48h/ HTTP/1.1" 302 0
[20/Apr/2026 20:30:30] "GET /system/login/ HTTP/1.1" 200 4154
[20/Apr/2026 20:30:40] "GET /predict/api/48h/ HTTP/1.1" 302 0
[20/Apr/2026 20:30:40] "GET /accounts/login/?next=/predict/api/48h/ HTTP/1.1" 302 0
[20/Apr/2026 20:30:40] "GET /system/login/ HTTP/1.1" 200 4154
[20/Apr/2026 20:30:50] "GET /predict/api/48h/ HTTP/1.1" 302 0
[20/Apr/2026 20:30:50] "GET /accounts/login/?next=/predict/api/48h/ HTTP/1.1" 302 0
[20/Apr/2026 20:30:50] "GET /system/login/ HTTP/1.1" 200 4154
[20/Apr/2026 20:31:00] "GET /predict/api/48h/ HTTP/1.1" 302 0
[20/Apr/2026 20:31:00] "GET /accounts/login/?next=/predict/api/48h/ HTTP/1.1" 302 0
[20/Apr/2026 20:31:00] "GET /system/login/ HTTP/1.1" 200 4154
[20/Apr/2026 20:31:10] "GET /predict/api/48h/ HTTP/1.1" 302 0
[20/Apr/2026 20:31:10] "GET /accounts/login/?next=/predict/api/48h/ HTTP/1.1" 302 0
[20/Apr/2026 20:31:10] "GET /system/login/ HTTP/1.1" 200 4154
[20/Apr/2026 20:31:20] "GET /predict/api/48h/ HTTP/1.1" 302 0
[20/Apr/2026 20:31:20] "GET /accounts/login/?next=/predict/api/48h/ HTTP/1.1" 302 0
[20/Apr/2026 20:31:20] "GET /system/login/ HTTP/1.1" 200 4154
[20/Apr/2026 20:31:30] "GET /predict/api/48h/ HTTP/1.1" 302 0
[20/Apr/2026 20:31:30] "GET /accounts/login/?next=/predict/api/48h/ HTTP/1.1" 302 0
[20/Apr/2026 20:31:30] "GET /system/login/ HTTP/1.1" 200 4154
[20/Apr/2026 20:31:40] "GET /predict/api/48h/ HTTP/1.1" 302 0
[20/Apr/2026 20:31:40] "GET /accounts/login/?next=/predict/api/48h/ HTTP/1.1" 302 0
[20/Apr/2026 20:31:40] "GET /system/login/ HTTP/1.1" 200 4154
[20/Apr/2026 20:31:50] "GET /predict/api/48h/ HTTP/1.1" 302 0
[20/Apr/2026 20:31:50] "GET /accounts/login/?next=/predict/api/48h/ HTTP/1.1" 302 0
[20/Apr/2026 20:31:50] "GET /system/login/ HTTP/1.1" 200 4154
[20/Apr/2026 20:32:00] "GET /predict/api/48h/ HTTP/1.1" 302 0
[20/Apr/2026 20:32:00] "GET /accounts/login/?next=/predict/api/48h/ HTTP/1.1" 302 0
[20/Apr/2026 20:32:00] "GET /system/login/ HTTP/1.1" 200 4154
[20/Apr/2026 20:32:10] "GET /predict/api/48h/ HTTP/1.1" 302 0
[20/Apr/2026 20:32:10] "GET /accounts/login/?next=/predict/api/48h/ HTTP/1.1" 302 0
[20/Apr/2026 20:32:10] "GET /system/login/ HTTP/1.1" 200 4154
[20/Apr/2026 20:32:20] "GET /predict/api/48h/ HTTP/1.1" 302 0
[20/Apr/2026 20:32:20] "GET /accounts/login/?next=/predict/api/48h/ HTTP/1.1" 302 0
[20/Apr/2026 20:32:20] "GET /system/login/ HTTP/1.1" 200 4154
[20/Apr/2026 20:32:30] "GET /predict/api/48h/ HTTP/1.1" 302 0
[20/Apr/2026 20:32:30] "GET /accounts/login/?next=/predict/api/48h/ HTTP/1.1" 302 0
[20/Apr/2026 20:32:30] "GET /system/login/ HTTP/1.1" 200 4154
[20/Apr/2026 20:32:40] "GET /predict/api/48h/ HTTP/1.1" 302 0
[20/Apr/2026 20:32:40] "GET /accounts/login/?next=/predict/api/48h/ HTTP/1.1" 302 0
[20/Apr/2026 20:32:40] "GET /system/login/ HTTP/1.1" 200 4154
[20/Apr/2026 20:32:50] "GET /predict/api/48h/ HTTP/1.1" 302 0
[20/Apr/2026 20:32:50] "GET /accounts/login/?next=/predict/api/48h/ HTTP/1.1" 302 0
[20/Apr/2026 20:32:50] "GET /system/login/ HTTP/1.1" 200 4154
[20/Apr/2026 20:33:00] "GET /predict/api/48h/ HTTP/1.1" 302 0
[20/Apr/2026 20:33:00] "GET /accounts/login/?next=/predict/api/48h/ HTTP/1.1" 302 0
[20/Apr/2026 20:33:00] "GET /system/login/ HTTP/1.1" 200 4154
[20/Apr/2026 20:33:10] "GET /predict/api/48h/ HTTP/1.1" 302 0
[20/Apr/2026 20:33:10] "GET /accounts/login/?next=/predict/api/48h/ HTTP/1.1" 302 0
[20/Apr/2026 20:33:10] "GET /system/login/ HTTP/1.1" 200 4154
[20/Apr/2026 20:33:20] "GET /predict/api/48h/ HTTP/1.1" 302 0
[20/Apr/2026 20:33:20] "GET /accounts/login/?next=/predict/api/48h/ HTTP/1.1" 302 0
[20/Apr/2026 20:33:20] "GET /system/login/ HTTP/1.1" 200 4154
[20/Apr/2026 20:33:30] "GET /predict/api/48h/ HTTP/1.1" 302 0
[20/Apr/2026 20:33:30] "GET /accounts/login/?next=/predict/api/48h/ HTTP/1.1" 302 0
[20/Apr/2026 20:33:30] "GET /system/login/ HTTP/1.1" 200 4154
[20/Apr/2026 20:33:40] "GET /predict/api/48h/ HTTP/1.1" 302 0
[20/Apr/2026 20:33:40] "GET /accounts/login/?next=/predict/api/48h/ HTTP/1.1" 302 0
[20/Apr/2026 20:33:40] "GET /system/login/ HTTP/1.1" 200 4154
[20/Apr/2026 20:33:50] "GET /predict/api/48h/ HTTP/1.1" 302 0
[20/Apr/2026 20:33:50] "GET /accounts/login/?next=/predict/api/48h/ HTTP/1.1" 302 0
[20/Apr/2026 20:33:50] "GET /system/login/ HTTP/1.1" 200 4154
[20/Apr/2026 20:34:00] "GET /predict/api/48h/ HTTP/1.1" 302 0
[20/Apr/2026 20:34:00] "GET /accounts/login/?next=/predict/api/48h/ HTTP/1.1" 302 0
[20/Apr/2026 20:34:00] "GET /system/login/ HTTP/1.1" 200 4154
[20/Apr/2026 20:34:10] "GET /predict/api/48h/ HTTP/1.1" 302 0
[20/Apr/2026 20:34:10] "GET /accounts/login/?next=/predict/api/48h/ HTTP/1.1" 302 0
[20/Apr/2026 20:34:10] "GET /system/login/ HTTP/1.1" 200 4154
[20/Apr/2026 20:34:20] "GET /predict/api/48h/ HTTP/1.1" 302 0
[20/Apr/2026 20:34:20] "GET /accounts/login/?next=/predict/api/48h/ HTTP/1.1" 302 0
[20/Apr/2026 20:34:20] "GET /system/login/ HTTP/1.1" 200 4154
[20/Apr/2026 20:34:30] "GET /predict/api/48h/ HTTP/1.1" 302 0
[20/Apr/2026 20:34:30] "GET /accounts/login/?next=/predict/api/48h/ HTTP/1.1" 302 0
[20/Apr/2026 20:34:30] "GET /system/login/ HTTP/1.1" 200 4154
[20/Apr/2026 20:34:40] "GET /predict/api/48h/ HTTP/1.1" 302 0
[20/Apr/2026 20:34:40] "GET /accounts/login/?next=/predict/api/48h/ HTTP/1.1" 302 0
[20/Apr/2026 20:34:40] "GET /system/login/ HTTP/1.1" 200 4154
[20/Apr/2026 20:34:50] "GET /predict/api/48h/ HTTP/1.1" 302 0
[20/Apr/2026 20:34:50] "GET /accounts/login/?next=/predict/api/48h/ HTTP/1.1" 302 0
[20/Apr/2026 20:34:50] "GET /system/login/ HTTP/1.1" 200 4154
[20/Apr/2026 20:35:00] "GET /predict/api/48h/ HTTP/1.1" 302 0
[20/Apr/2026 20:35:00] "GET /accounts/login/?next=/predict/api/48h/ HTTP/1.1" 302 0
[20/Apr/2026 20:35:00] "GET /system/login/ HTTP/1.1" 200 4154
[20/Apr/2026 20:35:10] "GET /predict/api/48h/ HTTP/1.1" 302 0
[20/Apr/2026 20:35:10] "GET /accounts/login/?next=/predict/api/48h/ HTTP/1.1" 302 0
[20/Apr/2026 20:35:10] "GET /system/login/ HTTP/1.1" 200 4154
[20/Apr/2026 20:35:20] "GET /predict/api/48h/ HTTP/1.1" 302 0
[20/Apr/2026 20:35:20] "GET /accounts/login/?next=/predict/api/48h/ HTTP/1.1" 302 0
[20/Apr/2026 20:35:20] "GET /system/login/ HTTP/1.1" 200 4154
[20/Apr/2026 20:35:30] "GET /predict/api/48h/ HTTP/1.1" 302 0
[20/Apr/2026 20:35:30] "GET /accounts/login/?next=/predict/api/48h/ HTTP/1.1" 302 0
[20/Apr/2026 20:35:30] "GET /system/login/ HTTP/1.1" 200 4154
[20/Apr/2026 20:35:40] "GET /predict/api/48h/ HTTP/1.1" 302 0
[20/Apr/2026 20:35:40] "GET /accounts/login/?next=/predict/api/48h/ HTTP/1.1" 302 0
[20/Apr/2026 20:35:40] "GET /system/login/ HTTP/1.1" 200 4154
[20/Apr/2026 20:35:50] "GET /predict/api/48h/ HTTP/1.1" 302 0
[20/Apr/2026 20:35:50] "GET /accounts/login/?next=/predict/api/48h/ HTTP/1.1" 302 0
[20/Apr/2026 20:35:50] "GET /system/login/ HTTP/1.1" 200 4154
[20/Apr/2026 20:36:00] "GET /predict/api/48h/ HTTP/1.1" 302 0
[20/Apr/2026 20:36:00] "GET /accounts/login/?next=/predict/api/48h/ HTTP/1.1" 302 0
[20/Apr/2026 20:36:00] "GET /system/login/ HTTP/1.1" 200 4154
[20/Apr/2026 20:36:10] "GET /predict/api/48h/ HTTP/1.1" 302 0
[20/Apr/2026 20:36:10] "GET /accounts/login/?next=/predict/api/48h/ HTTP/1.1" 302 0
[20/Apr/2026 20:36:10] "GET /system/login/ HTTP/1.1" 200 4154
[20/Apr/2026 20:36:20] "GET /predict/api/48h/ HTTP/1.1" 302 0
[20/Apr/2026 20:36:20] "GET /accounts/login/?next=/predict/api/48h/ HTTP/1.1" 302 0
[20/Apr/2026 20:36:20] "GET /system/login/ HTTP/1.1" 200 4154
[20/Apr/2026 20:36:30] "GET /predict/api/48h/ HTTP/1.1" 302 0
[20/Apr/2026 20:36:30] "GET /accounts/login/?next=/predict/api/48h/ HTTP/1.1" 302 0
[20/Apr/2026 20:36:30] "GET /system/login/ HTTP/1.1" 200 4154
[20/Apr/2026 20:36:40] "GET /predict/api/48h/ HTTP/1.1" 302 0
[20/Apr/2026 20:36:40] "GET /accounts/login/?next=/predict/api/48h/ HTTP/1.1" 302 0
[20/Apr/2026 20:36:40] "GET /system/login/ HTTP/1.1" 200 4154
[20/Apr/2026 20:36:50] "GET /predict/api/48h/ HTTP/1.1" 302 0
[20/Apr/2026 20:36:50] "GET /accounts/login/?next=/predict/api/48h/ HTTP/1.1" 302 0
[20/Apr/2026 20:36:50] "GET /system/login/ HTTP/1.1" 200 4154
[20/Apr/2026 20:37:00] "GET /predict/api/48h/ HTTP/1.1" 302 0
[20/Apr/2026 20:37:00] "GET /accounts/login/?next=/predict/api/48h/ HTTP/1.1" 302 0
[20/Apr/2026 20:37:00] "GET /system/login/ HTTP/1.1" 200 4154
[20/Apr/2026 20:37:10] "GET /predict/api/48h/ HTTP/1.1" 302 0
[20/Apr/2026 20:37:10] "GET /accounts/login/?next=/predict/api/48h/ HTTP/1.1" 302 0
[20/Apr/2026 20:37:10] "GET /system/login/ HTTP/1.1" 200 4154
[20/Apr/2026 20:37:20] "GET /predict/api/48h/ HTTP/1.1" 302 0
[20/Apr/2026 20:37:20] "GET /accounts/login/?next=/predict/api/48h/ HTTP/1.1" 302 0
[20/Apr/2026 20:37:20] "GET /system/login/ HTTP/1.1" 200 4154
[20/Apr/2026 20:37:30] "GET /predict/api/48h/ HTTP/1.1" 302 0
[20/Apr/2026 20:37:30] "GET /accounts/login/?next=/predict/api/48h/ HTTP/1.1" 302 0
[20/Apr/2026 20:37:30] "GET /system/login/ HTTP/1.1" 200 4154
[20/Apr/2026 20:37:40] "GET /predict/api/48h/ HTTP/1.1" 302 0
[20/Apr/2026 20:37:40] "GET /accounts/login/?next=/predict/api/48h/ HTTP/1.1" 302 0
[20/Apr/2026 20:37:40] "GET /system/login/ HTTP/1.1" 200 4154
[20/Apr/2026 20:37:50] "GET /predict/api/48h/ HTTP/1.1" 302 0
[20/Apr/2026 20:37:50] "GET /accounts/login/?next=/predict/api/48h/ HTTP/1.1" 302 0
[20/Apr/2026 20:37:50] "GET /system/login/ HTTP/1.1" 200 4154
[20/Apr/2026 20:38:00] "GET /predict/api/48h/ HTTP/1.1" 302 0
[20/Apr/2026 20:38:00] "GET /accounts/login/?next=/predict/api/48h/ HTTP/1.1" 302 0
[20/Apr/2026 20:38:00] "GET /system/login/ HTTP/1.1" 200 4154
[20/Apr/2026 20:38:10] "GET /predict/api/48h/ HTTP/1.1" 302 0
[20/Apr/2026 20:38:10] "GET /accounts/login/?next=/predict/api/48h/ HTTP/1.1" 302 0
[20/Apr/2026 20:38:10] "GET /system/login/ HTTP/1.1" 200 4154
[20/Apr/2026 20:38:20] "GET /predict/api/48h/ HTTP/1.1" 302 0
[20/Apr/2026 20:38:20] "GET /accounts/login/?next=/predict/api/48h/ HTTP/1.1" 302 0
[20/Apr/2026 20:38:20] "GET /system/login/ HTTP/1.1" 200 4154
[20/Apr/2026 20:38:30] "GET /predict/api/48h/ HTTP/1.1" 302 0
[20/Apr/2026 20:38:30] "GET /accounts/login/?next=/predict/api/48h/ HTTP/1.1" 302 0
[20/Apr/2026 20:38:30] "GET /system/login/ HTTP/1.1" 200 4154
[20/Apr/2026 20:38:40] "GET /predict/api/48h/ HTTP/1.1" 302 0
[20/Apr/2026 20:38:40] "GET /accounts/login/?next=/predict/api/48h/ HTTP/1.1" 302 0
[20/Apr/2026 20:38:40] "GET /system/login/ HTTP/1.1" 200 4154
[20/Apr/2026 20:38:50] "GET /predict/api/48h/ HTTP/1.1" 302 0
[20/Apr/2026 20:38:50] "GET /accounts/login/?next=/predict/api/48h/ HTTP/1.1" 302 0
[20/Apr/2026 20:38:50] "GET /system/login/ HTTP/1.1" 200 4154
[20/Apr/2026 20:39:00] "GET /predict/api/48h/ HTTP/1.1" 302 0
[20/Apr/2026 20:39:00] "GET /accounts/login/?next=/predict/api/48h/ HTTP/1.1" 302 0
[20/Apr/2026 20:39:00] "GET /system/login/ HTTP/1.1" 200 4154
[20/Apr/2026 20:39:10] "GET /predict/api/48h/ HTTP/1.1" 302 0
[20/Apr/2026 20:39:10] "GET /accounts/login/?next=/predict/api/48h/ HTTP/1.1" 302 0
[20/Apr/2026 20:39:10] "GET /system/login/ HTTP/1.1" 200 4154
[20/Apr/2026 20:39:20] "GET /predict/api/48h/ HTTP/1.1" 302 0
[20/Apr/2026 20:39:20] "GET /accounts/login/?next=/predict/api/48h/ HTTP/1.1" 302 0
[20/Apr/2026 20:39:20] "GET /system/login/ HTTP/1.1" 200 4154
[20/Apr/2026 20:39:30] "GET /predict/api/48h/ HTTP/1.1" 302 0
[20/Apr/2026 20:39:30] "GET /accounts/login/?next=/predict/api/48h/ HTTP/1.1" 302 0
[20/Apr/2026 20:39:30] "GET /system/login/ HTTP/1.1" 200 4154
[20/Apr/2026 20:39:40] "GET /predict/api/48h/ HTTP/1.1" 302 0
[20/Apr/2026 20:39:40] "GET /accounts/login/?next=/predict/api/48h/ HTTP/1.1" 302 0
[20/Apr/2026 20:39:40] "GET /system/login/ HTTP/1.1" 200 4154
[20/Apr/2026 20:39:50] "GET /predict/api/48h/ HTTP/1.1" 302 0
[20/Apr/2026 20:39:50] "GET /accounts/login/?next=/predict/api/48h/ HTTP/1.1" 302 0
[20/Apr/2026 20:39:50] "GET /system/login/ HTTP/1.1" 200 4154
[20/Apr/2026 20:40:00] "GET /predict/api/48h/ HTTP/1.1" 302 0
[20/Apr/2026 20:40:00] "GET /accounts/login/?next=/predict/api/48h/ HTTP/1.1" 302 0
[20/Apr/2026 20:40:00] "GET /system/login/ HTTP/1.1" 200 4154
[20/Apr/2026 20:40:10] "GET /predict/api/48h/ HTTP/1.1" 302 0
[20/Apr/2026 20:40:10] "GET /accounts/login/?next=/predict/api/48h/ HTTP/1.1" 302 0
[20/Apr/2026 20:40:10] "GET /system/login/ HTTP/1.1" 200 4154
[20/Apr/2026 20:40:20] "GET /predict/api/48h/ HTTP/1.1" 302 0
[20/Apr/2026 20:40:20] "GET /accounts/login/?next=/predict/api/48h/ HTTP/1.1" 302 0
[20/Apr/2026 20:40:20] "GET /system/login/ HTTP/1.1" 200 4154
[20/Apr/2026 20:40:30] "GET /predict/api/48h/ HTTP/1.1" 302 0
[20/Apr/2026 20:40:30] "GET /accounts/login/?next=/predict/api/48h/ HTTP/1.1" 302 0
[20/Apr/2026 20:40:30] "GET /system/login/ HTTP/1.1" 200 4154
[20/Apr/2026 20:40:40] "GET /predict/api/48h/ HTTP/1.1" 302 0
[20/Apr/2026 20:40:40] "GET /accounts/login/?next=/predict/api/48h/ HTTP/1.1" 302 0
[20/Apr/2026 20:40:40] "GET /system/login/ HTTP/1.1" 200 4154
[20/Apr/2026 20:40:50] "GET /predict/api/48h/ HTTP/1.1" 302 0
[20/Apr/2026 20:40:50] "GET /accounts/login/?next=/predict/api/48h/ HTTP/1.1" 302 0
[20/Apr/2026 20:40:50] "GET /system/login/ HTTP/1.1" 200 4154
[20/Apr/2026 20:41:00] "GET /predict/api/48h/ HTTP/1.1" 302 0
[20/Apr/2026 20:41:00] "GET /accounts/login/?next=/predict/api/48h/ HTTP/1.1" 302 0
[20/Apr/2026 20:41:00] "GET /system/login/ HTTP/1.1" 200 4154
[20/Apr/2026 20:41:10] "GET /predict/api/48h/ HTTP/1.1" 302 0
[20/Apr/2026 20:41:10] "GET /accounts/login/?next=/predict/api/48h/ HTTP/1.1" 302 0
[20/Apr/2026 20:41:10] "GET /system/login/ HTTP/1.1" 200 4154
[20/Apr/2026 20:41:20] "GET /predict/api/48h/ HTTP/1.1" 302 0
[20/Apr/2026 20:41:20] "GET /accounts/login/?next=/predict/api/48h/ HTTP/1.1" 302 0
[20/Apr/2026 20:41:20] "GET /system/login/ HTTP/1.1" 200 4154
[20/Apr/2026 20:41:30] "GET /predict/api/48h/ HTTP/1.1" 302 0
[20/Apr/2026 20:41:30] "GET /accounts/login/?next=/predict/api/48h/ HTTP/1.1" 302 0
[20/Apr/2026 20:41:30] "GET /system/login/ HTTP/1.1" 200 4154
[20/Apr/2026 20:41:40] "GET /predict/api/48h/ HTTP/1.1" 302 0
[20/Apr/2026 20:41:40] "GET /accounts/login/?next=/predict/api/48h/ HTTP/1.1" 302 0
[20/Apr/2026 20:41:40] "GET /system/login/ HTTP/1.1" 200 4154
[20/Apr/2026 20:41:50] "GET /predict/api/48h/ HTTP/1.1" 302 0
[20/Apr/2026 20:41:50] "GET /accounts/login/?next=/predict/api/48h/ HTTP/1.1" 302 0
[20/Apr/2026 20:41:50] "GET /system/login/ HTTP/1.1" 200 4154
[20/Apr/2026 20:42:00] "GET /predict/api/48h/ HTTP/1.1" 302 0
[20/Apr/2026 20:42:00] "GET /accounts/login/?next=/predict/api/48h/ HTTP/1.1" 302 0
[20/Apr/2026 20:42:00] "GET /system/login/ HTTP/1.1" 200 4154
[20/Apr/2026 20:42:10] "GET /predict/api/48h/ HTTP/1.1" 302 0
[20/Apr/2026 20:42:10] "GET /accounts/login/?next=/predict/api/48h/ HTTP/1.1" 302 0
[20/Apr/2026 20:42:10] "GET /system/login/ HTTP/1.1" 200 4154
[20/Apr/2026 20:42:20] "GET /predict/api/48h/ HTTP/1.1" 302 0
[20/Apr/2026 20:42:20] "GET /accounts/login/?next=/predict/api/48h/ HTTP/1.1" 302 0
[20/Apr/2026 20:42:20] "GET /system/login/ HTTP/1.1" 200 4154
[20/Apr/2026 20:42:30] "GET /predict/api/48h/ HTTP/1.1" 302 0
[20/Apr/2026 20:42:30] "GET /accounts/login/?next=/predict/api/48h/ HTTP/1.1" 302 0
[20/Apr/2026 20:42:30] "GET /system/login/ HTTP/1.1" 200 4154
[20/Apr/2026 20:42:40] "GET /predict/api/48h/ HTTP/1.1" 302 0
[20/Apr/2026 20:42:40] "GET /accounts/login/?next=/predict/api/48h/ HTTP/1.1" 302 0
[20/Apr/2026 20:42:40] "GET /system/login/ HTTP/1.1" 200 4154
[20/Apr/2026 20:42:50] "GET /predict/api/48h/ HTTP/1.1" 302 0
[20/Apr/2026 20:42:50] "GET /accounts/login/?next=/predict/api/48h/ HTTP/1.1" 302 0
[20/Apr/2026 20:42:50] "GET /system/login/ HTTP/1.1" 200 4154
[20/Apr/2026 20:43:00] "GET /predict/api/48h/ HTTP/1.1" 302 0
[20/Apr/2026 20:43:00] "GET /accounts/login/?next=/predict/api/48h/ HTTP/1.1" 302 0
[20/Apr/2026 20:43:00] "GET /system/login/ HTTP/1.1" 200 4154
[20/Apr/2026 20:43:10] "GET /predict/api/48h/ HTTP/1.1" 302 0
[20/Apr/2026 20:43:10] "GET /accounts/login/?next=/predict/api/48h/ HTTP/1.1" 302 0
[20/Apr/2026 20:43:10] "GET /system/login/ HTTP/1.1" 200 4154
[20/Apr/2026 20:43:20] "GET /predict/api/48h/ HTTP/1.1" 302 0
[20/Apr/2026 20:43:20] "GET /accounts/login/?next=/predict/api/48h/ HTTP/1.1" 302 0
[20/Apr/2026 20:43:20] "GET /system/login/ HTTP/1.1" 200 4154
[20/Apr/2026 20:43:30] "GET /predict/api/48h/ HTTP/1.1" 302 0
[20/Apr/2026 20:43:30] "GET /accounts/login/?next=/predict/api/48h/ HTTP/1.1" 302 0
[20/Apr/2026 20:43:30] "GET /system/login/ HTTP/1.1" 200 4154
[20/Apr/2026 20:43:40] "GET /predict/api/48h/ HTTP/1.1" 302 0
[20/Apr/2026 20:43:40] "GET /accounts/login/?next=/predict/api/48h/ HTTP/1.1" 302 0
[20/Apr/2026 20:43:40] "GET /system/login/ HTTP/1.1" 200 4154
[20/Apr/2026 20:43:50] "GET /predict/api/48h/ HTTP/1.1" 302 0
[20/Apr/2026 20:43:50] "GET /accounts/login/?next=/predict/api/48h/ HTTP/1.1" 302 0
[20/Apr/2026 20:43:50] "GET /system/login/ HTTP/1.1" 200 4154
[20/Apr/2026 20:44:00] "GET /predict/api/48h/ HTTP/1.1" 302 0
[20/Apr/2026 20:44:00] "GET /accounts/login/?next=/predict/api/48h/ HTTP/1.1" 302 0
[20/Apr/2026 20:44:00] "GET /system/login/ HTTP/1.1" 200 4154
[20/Apr/2026 20:44:10] "GET /predict/api/48h/ HTTP/1.1" 302 0
[20/Apr/2026 20:44:10] "GET /accounts/login/?next=/predict/api/48h/ HTTP/1.1" 302 0
[20/Apr/2026 20:44:10] "GET /system/login/ HTTP/1.1" 200 4154
[20/Apr/2026 20:44:20] "GET /predict/api/48h/ HTTP/1.1" 302 0
[20/Apr/2026 20:44:20] "GET /accounts/login/?next=/predict/api/48h/ HTTP/1.1" 302 0
[20/Apr/2026 20:44:20] "GET /system/login/ HTTP/1.1" 200 4154
[20/Apr/2026 20:44:30] "GET /predict/api/48h/ HTTP/1.1" 302 0
[20/Apr/2026 20:44:30] "GET /accounts/login/?next=/predict/api/48h/ HTTP/1.1" 302 0
[20/Apr/2026 20:44:30] "GET /system/login/ HTTP/1.1" 200 4154
[20/Apr/2026 20:44:40] "GET /predict/api/48h/ HTTP/1.1" 302 0
[20/Apr/2026 20:44:40] "GET /accounts/login/?next=/predict/api/48h/ HTTP/1.1" 302 0
[20/Apr/2026 20:44:40] "GET /system/login/ HTTP/1.1" 200 4154
[20/Apr/2026 20:44:50] "GET /predict/api/48h/ HTTP/1.1" 302 0
[20/Apr/2026 20:44:50] "GET /accounts/login/?next=/predict/api/48h/ HTTP/1.1" 302 0
[20/Apr/2026 20:44:50] "GET /system/login/ HTTP/1.1" 200 4154
[20/Apr/2026 20:45:00] "GET /predict/api/48h/ HTTP/1.1" 302 0
[20/Apr/2026 20:45:00] "GET /accounts/login/?next=/predict/api/48h/ HTTP/1.1" 302 0
[20/Apr/2026 20:45:00] "GET /system/login/ HTTP/1.1" 200 4154
[20/Apr/2026 20:45:10] "GET /predict/api/48h/ HTTP/1.1" 302 0
[20/Apr/2026 20:45:10] "GET /accounts/login/?next=/predict/api/48h/ HTTP/1.1" 302 0
[20/Apr/2026 20:45:10] "GET /system/login/ HTTP/1.1" 200 4154
[20/Apr/2026 20:45:20] "GET /predict/api/48h/ HTTP/1.1" 302 0
[20/Apr/2026 20:45:20] "GET /accounts/login/?next=/predict/api/48h/ HTTP/1.1" 302 0
[20/Apr/2026 20:45:20] "GET /system/login/ HTTP/1.1" 200 4154
[20/Apr/2026 20:45:30] "GET /predict/api/48h/ HTTP/1.1" 302 0
[20/Apr/2026 20:45:30] "GET /accounts/login/?next=/predict/api/48h/ HTTP/1.1" 302 0
[20/Apr/2026 20:45:30] "GET /system/login/ HTTP/1.1" 200 4154
[20/Apr/2026 20:45:40] "GET /predict/api/48h/ HTTP/1.1" 302 0
[20/Apr/2026 20:45:40] "GET /accounts/login/?next=/predict/api/48h/ HTTP/1.1" 302 0
[20/Apr/2026 20:45:40] "GET /system/login/ HTTP/1.1" 200 4154
[20/Apr/2026 20:45:50] "GET /predict/api/48h/ HTTP/1.1" 302 0
[20/Apr/2026 20:45:50] "GET /accounts/login/?next=/predict/api/48h/ HTTP/1.1" 302 0
[20/Apr/2026 20:45:50] "GET /system/login/ HTTP/1.1" 200 4154
[20/Apr/2026 20:46:00] "GET /predict/api/48h/ HTTP/1.1" 302 0
[20/Apr/2026 20:46:00] "GET /accounts/login/?next=/predict/api/48h/ HTTP/1.1" 302 0
[20/Apr/2026 20:46:00] "GET /system/login/ HTTP/1.1" 200 4154
[20/Apr/2026 20:46:10] "GET /predict/api/48h/ HTTP/1.1" 302 0
[20/Apr/2026 20:46:10] "GET /accounts/login/?next=/predict/api/48h/ HTTP/1.1" 302 0
[20/Apr/2026 20:46:10] "GET /system/login/ HTTP/1.1" 200 4154
[20/Apr/2026 20:46:20] "GET /predict/api/48h/ HTTP/1.1" 302 0
[20/Apr/2026 20:46:20] "GET /accounts/login/?next=/predict/api/48h/ HTTP/1.1" 302 0
[20/Apr/2026 20:46:20] "GET /system/login/ HTTP/1.1" 200 4154
[20/Apr/2026 20:46:30] "GET /predict/api/48h/ HTTP/1.1" 302 0
[20/Apr/2026 20:46:30] "GET /accounts/login/?next=/predict/api/48h/ HTTP/1.1" 302 0
[20/Apr/2026 20:46:30] "GET /system/login/ HTTP/1.1" 200 4154
[20/Apr/2026 20:46:40] "GET /predict/api/48h/ HTTP/1.1" 302 0
[20/Apr/2026 20:46:40] "GET /accounts/login/?next=/predict/api/48h/ HTTP/1.1" 302 0
[20/Apr/2026 20:46:40] "GET /system/login/ HTTP/1.1" 200 4154
[20/Apr/2026 20:46:50] "GET /predict/api/48h/ HTTP/1.1" 302 0
[20/Apr/2026 20:46:50] "GET /accounts/login/?next=/predict/api/48h/ HTTP/1.1" 302 0
[20/Apr/2026 20:46:50] "GET /system/login/ HTTP/1.1" 200 4154
[20/Apr/2026 20:47:00] "GET /predict/api/48h/ HTTP/1.1" 302 0
[20/Apr/2026 20:47:00] "GET /accounts/login/?next=/predict/api/48h/ HTTP/1.1" 302 0
[20/Apr/2026 20:47:00] "GET /system/login/ HTTP/1.1" 200 4154
[20/Apr/2026 20:47:10] "GET /predict/api/48h/ HTTP/1.1" 302 0
[20/Apr/2026 20:47:10] "GET /accounts/login/?next=/predict/api/48h/ HTTP/1.1" 302 0
[20/Apr/2026 20:47:10] "GET /system/login/ HTTP/1.1" 200 4154
[20/Apr/2026 20:47:20] "GET /predict/api/48h/ HTTP/1.1" 302 0
[20/Apr/2026 20:47:20] "GET /accounts/login/?next=/predict/api/48h/ HTTP/1.1" 302 0
[20/Apr/2026 20:47:20] "GET /system/login/ HTTP/1.1" 200 4154
[20/Apr/2026 20:47:30] "GET /predict/api/48h/ HTTP/1.1" 302 0
[20/Apr/2026 20:47:30] "GET /accounts/login/?next=/predict/api/48h/ HTTP/1.1" 302 0
[20/Apr/2026 20:47:30] "GET /system/login/ HTTP/1.1" 200 4154
[20/Apr/2026 20:47:40] "GET /predict/api/48h/ HTTP/1.1" 302 0
[20/Apr/2026 20:47:40] "GET /accounts/login/?next=/predict/api/48h/ HTTP/1.1" 302 0
[20/Apr/2026 20:47:40] "GET /system/login/ HTTP/1.1" 200 4154
[20/Apr/2026 20:47:50] "GET /predict/api/48h/ HTTP/1.1" 302 0
[20/Apr/2026 20:47:50] "GET /accounts/login/?next=/predict/api/48h/ HTTP/1.1" 302 0
[20/Apr/2026 20:47:50] "GET /system/login/ HTTP/1.1" 200 4154
[20/Apr/2026 20:48:00] "GET /predict/api/48h/ HTTP/1.1" 302 0
[20/Apr/2026 20:48:00] "GET /accounts/login/?next=/predict/api/48h/ HTTP/1.1" 302 0
[20/Apr/2026 20:48:00] "GET /system/login/ HTTP/1.1" 200 4154
[20/Apr/2026 20:48:10] "GET /predict/api/48h/ HTTP/1.1" 302 0
[20/Apr/2026 20:48:10] "GET /accounts/login/?next=/predict/api/48h/ HTTP/1.1" 302 0
[20/Apr/2026 20:48:10] "GET /system/login/ HTTP/1.1" 200 4154
[20/Apr/2026 20:48:20] "GET /predict/api/48h/ HTTP/1.1" 302 0
[20/Apr/2026 20:48:20] "GET /accounts/login/?next=/predict/api/48h/ HTTP/1.1" 302 0
[20/Apr/2026 20:48:20] "GET /system/login/ HTTP/1.1" 200 4154
[20/Apr/2026 20:48:30] "GET /predict/api/48h/ HTTP/1.1" 302 0
[20/Apr/2026 20:48:30] "GET /accounts/login/?next=/predict/api/48h/ HTTP/1.1" 302 0
[20/Apr/2026 20:48:30] "GET /system/login/ HTTP/1.1" 200 4154
[20/Apr/2026 20:48:40] "GET /predict/api/48h/ HTTP/1.1" 302 0
[20/Apr/2026 20:48:40] "GET /accounts/login/?next=/predict/api/48h/ HTTP/1.1" 302 0
[20/Apr/2026 20:48:40] "GET /system/login/ HTTP/1.1" 200 4154
[20/Apr/2026 20:48:50] "GET /predict/api/48h/ HTTP/1.1" 302 0
[20/Apr/2026 20:48:50] "GET /accounts/login/?next=/predict/api/48h/ HTTP/1.1" 302 0
[20/Apr/2026 20:48:50] "GET /system/login/ HTTP/1.1" 200 4154
[20/Apr/2026 20:49:00] "GET /predict/api/48h/ HTTP/1.1" 302 0
[20/Apr/2026 20:49:00] "GET /accounts/login/?next=/predict/api/48h/ HTTP/1.1" 302 0
[20/Apr/2026 20:49:00] "GET /system/login/ HTTP/1.1" 200 4154
[20/Apr/2026 20:49:10] "GET /predict/api/48h/ HTTP/1.1" 302 0
[20/Apr/2026 20:49:10] "GET /accounts/login/?next=/predict/api/48h/ HTTP/1.1" 302 0
[20/Apr/2026 20:49:10] "GET /system/login/ HTTP/1.1" 200 4154
[20/Apr/2026 20:49:20] "GET /predict/api/48h/ HTTP/1.1" 302 0
[20/Apr/2026 20:49:20] "GET /accounts/login/?next=/predict/api/48h/ HTTP/1.1" 302 0
[20/Apr/2026 20:49:20] "GET /system/login/ HTTP/1.1" 200 4154
[20/Apr/2026 20:49:30] "GET /predict/api/48h/ HTTP/1.1" 302 0
[20/Apr/2026 20:49:30] "GET /accounts/login/?next=/predict/api/48h/ HTTP/1.1" 302 0
[20/Apr/2026 20:49:30] "GET /system/login/ HTTP/1.1" 200 4154
[20/Apr/2026 20:49:40] "GET /predict/api/48h/ HTTP/1.1" 302 0
[20/Apr/2026 20:49:40] "GET /accounts/login/?next=/predict/api/48h/ HTTP/1.1" 302 0
[20/Apr/2026 20:49:40] "GET /system/login/ HTTP/1.1" 200 4154
[20/Apr/2026 20:49:50] "GET /predict/api/48h/ HTTP/1.1" 302 0
[20/Apr/2026 20:49:50] "GET /accounts/login/?next=/predict/api/48h/ HTTP/1.1" 302 0
[20/Apr/2026 20:49:50] "GET /system/login/ HTTP/1.1" 200 4154
[20/Apr/2026 20:50:00] "GET /predict/api/48h/ HTTP/1.1" 302 0
[20/Apr/2026 20:50:00] "GET /accounts/login/?next=/predict/api/48h/ HTTP/1.1" 302 0
[20/Apr/2026 20:50:00] "GET /system/login/ HTTP/1.1" 200 4154
[20/Apr/2026 20:50:10] "GET /predict/api/48h/ HTTP/1.1" 302 0
[20/Apr/2026 20:50:10] "GET /accounts/login/?next=/predict/api/48h/ HTTP/1.1" 302 0
[20/Apr/2026 20:50:10] "GET /system/login/ HTTP/1.1" 200 4154
[20/Apr/2026 20:50:20] "GET /predict/api/48h/ HTTP/1.1" 302 0
[20/Apr/2026 20:50:20] "GET /accounts/login/?next=/predict/api/48h/ HTTP/1.1" 302 0
[20/Apr/2026 20:50:20] "GET /system/login/ HTTP/1.1" 200 4154
[20/Apr/2026 20:50:30] "GET /predict/api/48h/ HTTP/1.1" 302 0
[20/Apr/2026 20:50:30] "GET /accounts/login/?next=/predict/api/48h/ HTTP/1.1" 302 0
[20/Apr/2026 20:50:30] "GET /system/login/ HTTP/1.1" 200 4154
[20/Apr/2026 20:50:40] "GET /predict/api/48h/ HTTP/1.1" 302 0
[20/Apr/2026 20:50:40] "GET /accounts/login/?next=/predict/api/48h/ HTTP/1.1" 302 0
[20/Apr/2026 20:50:40] "GET /system/login/ HTTP/1.1" 200 4154
[20/Apr/2026 20:50:50] "GET /predict/api/48h/ HTTP/1.1" 302 0
[20/Apr/2026 20:50:50] "GET /accounts/login/?next=/predict/api/48h/ HTTP/1.1" 302 0
[20/Apr/2026 20:50:50] "GET /system/login/ HTTP/1.1" 200 4154
[20/Apr/2026 20:51:00] "GET /predict/api/48h/ HTTP/1.1" 302 0
[20/Apr/2026 20:51:00] "GET /accounts/login/?next=/predict/api/48h/ HTTP/1.1" 302 0
[20/Apr/2026 20:51:00] "GET /system/login/ HTTP/1.1" 200 4154
[20/Apr/2026 20:51:10] "GET /predict/api/48h/ HTTP/1.1" 302 0
[20/Apr/2026 20:51:10] "GET /accounts/login/?next=/predict/api/48h/ HTTP/1.1" 302 0
[20/Apr/2026 20:51:10] "GET /system/login/ HTTP/1.1" 200 4154
[20/Apr/2026 20:51:20] "GET /predict/api/48h/ HTTP/1.1" 302 0
[20/Apr/2026 20:51:20] "GET /accounts/login/?next=/predict/api/48h/ HTTP/1.1" 302 0
[20/Apr/2026 20:51:20] "GET /system/login/ HTTP/1.1" 200 4154
[20/Apr/2026 20:51:30] "GET /predict/api/48h/ HTTP/1.1" 302 0
[20/Apr/2026 20:51:30] "GET /accounts/login/?next=/predict/api/48h/ HTTP/1.1" 302 0
[20/Apr/2026 20:51:30] "GET /system/login/ HTTP/1.1" 200 4154
[20/Apr/2026 20:51:40] "GET /predict/api/48h/ HTTP/1.1" 302 0
[20/Apr/2026 20:51:40] "GET /accounts/login/?next=/predict/api/48h/ HTTP/1.1" 302 0
[20/Apr/2026 20:51:40] "GET /system/login/ HTTP/1.1" 200 4154
[20/Apr/2026 20:51:50] "GET /predict/api/48h/ HTTP/1.1" 302 0
[20/Apr/2026 20:51:50] "GET /accounts/login/?next=/predict/api/48h/ HTTP/1.1" 302 0
[20/Apr/2026 20:51:50] "GET /system/login/ HTTP/1.1" 200 4154
[20/Apr/2026 20:52:00] "GET /predict/api/48h/ HTTP/1.1" 302 0
[20/Apr/2026 20:52:00] "GET /accounts/login/?next=/predict/api/48h/ HTTP/1.1" 302 0
[20/Apr/2026 20:52:00] "GET /system/login/ HTTP/1.1" 200 4154
[20/Apr/2026 20:52:10] "GET /predict/api/48h/ HTTP/1.1" 302 0
[20/Apr/2026 20:52:10] "GET /accounts/login/?next=/predict/api/48h/ HTTP/1.1" 302 0
[20/Apr/2026 20:52:10] "GET /system/login/ HTTP/1.1" 200 4154
[20/Apr/2026 20:52:20] "GET /predict/api/48h/ HTTP/1.1" 302 0
[20/Apr/2026 20:52:20] "GET /accounts/login/?next=/predict/api/48h/ HTTP/1.1" 302 0
[20/Apr/2026 20:52:20] "GET /system/login/ HTTP/1.1" 200 4154
[20/Apr/2026 20:52:30] "GET /predict/api/48h/ HTTP/1.1" 302 0
[20/Apr/2026 20:52:30] "GET /accounts/login/?next=/predict/api/48h/ HTTP/1.1" 302 0
[20/Apr/2026 20:52:30] "GET /system/login/ HTTP/1.1" 200 4154
[20/Apr/2026 20:52:40] "GET /predict/api/48h/ HTTP/1.1" 302 0
[20/Apr/2026 20:52:40] "GET /accounts/login/?next=/predict/api/48h/ HTTP/1.1" 302 0
[20/Apr/2026 20:52:40] "GET /system/login/ HTTP/1.1" 200 4154
[20/Apr/2026 20:52:50] "GET /predict/api/48h/ HTTP/1.1" 302 0
[20/Apr/2026 20:52:50] "GET /accounts/login/?next=/predict/api/48h/ HTTP/1.1" 302 0
[20/Apr/2026 20:52:50] "GET /system/login/ HTTP/1.1" 200 4154
[20/Apr/2026 20:53:00] "GET /predict/api/48h/ HTTP/1.1" 302 0
[20/Apr/2026 20:53:00] "GET /accounts/login/?next=/predict/api/48h/ HTTP/1.1" 302 0
[20/Apr/2026 20:53:00] "GET /system/login/ HTTP/1.1" 200 4154
[20/Apr/2026 20:53:10] "GET /predict/api/48h/ HTTP/1.1" 302 0
[20/Apr/2026 20:53:10] "GET /accounts/login/?next=/predict/api/48h/ HTTP/1.1" 302 0
[20/Apr/2026 20:53:10] "GET /system/login/ HTTP/1.1" 200 4154
[20/Apr/2026 20:53:10] "POST /system/login/ HTTP/1.1" 302 0
2026-04-20 20:53:19.757232: I tensorflow/core/platform/cpu_feature_guard.cc:193] This TensorFlow binary is optimized with oneAPI Deep Neural Network Library (oneDNN) to use the following CPU instructions in performance-critical operations:  AVX AVX2
To enable them in other operations, rebuild TensorFlow with the appropriate compiler flags.
2026-04-20 20:53:20.265685: I tensorflow/core/common_runtime/gpu/gpu_device.cc:1616] Created device /job:localhost/replica:0/task:0/device:GPU:0 with 3486 MB memory:  -> device: 0, name: NVIDIA GeForce RTX 3060 Laptop GPU, pci bus id: 0000:01:00.0, compute capability: 8.6
[20/Apr/2026 20:53:20] "GET /predict/api/48h/ HTTP/1.1" 302 0
[20/Apr/2026 20:53:20] "GET /accounts/login/?next=/predict/api/48h/ HTTP/1.1" 302 0
[20/Apr/2026 20:53:20] "GET /system/login/ HTTP/1.1" 200 4154
[20/Apr/2026 20:53:23] "GET /system/dashboard/ HTTP/1.1" 200 142130
[20/Apr/2026 20:53:23] "GET /predict/api/48h/ HTTP/1.1" 200 272006
[20/Apr/2026 20:53:30] "GET /predict/api/48h/ HTTP/1.1" 302 0
[20/Apr/2026 20:53:30] "GET /accounts/login/?next=/predict/api/48h/ HTTP/1.1" 302 0
[20/Apr/2026 20:53:30] "GET /system/login/ HTTP/1.1" 200 4154
[20/Apr/2026 20:53:32] "GET /system/api/dashboard/ HTTP/1.1" 200 59133
[20/Apr/2026 20:53:40] "GET /predict/api/48h/ HTTP/1.1" 302 0
[20/Apr/2026 20:53:40] "GET /accounts/login/?next=/predict/api/48h/ HTTP/1.1" 302 0
[20/Apr/2026 20:53:40] "GET /system/login/ HTTP/1.1" 200 4154
[20/Apr/2026 20:53:44] "GET /system/api/dashboard/ HTTP/1.1" 200 59125
[20/Apr/2026 20:53:50] "GET /predict/api/48h/ HTTP/1.1" 302 0
[20/Apr/2026 20:53:50] "GET /accounts/login/?next=/predict/api/48h/ HTTP/1.1" 302 0
[20/Apr/2026 20:53:50] "GET /system/login/ HTTP/1.1" 200 4154
[20/Apr/2026 20:53:53] "GET /system/api/dashboard/ HTTP/1.1" 200 59124
[20/Apr/2026 20:54:00] "GET /predict/api/48h/ HTTP/1.1" 302 0
[20/Apr/2026 20:54:00] "GET /accounts/login/?next=/predict/api/48h/ HTTP/1.1" 302 0
[20/Apr/2026 20:54:00] "GET /system/login/ HTTP/1.1" 200 4154
[20/Apr/2026 20:54:03] "GET /system/api/dashboard/ HTTP/1.1" 200 59132
[20/Apr/2026 20:54:10] "GET /predict/api/48h/ HTTP/1.1" 302 0
[20/Apr/2026 20:54:10] "GET /accounts/login/?next=/predict/api/48h/ HTTP/1.1" 302 0
[20/Apr/2026 20:54:10] "GET /system/login/ HTTP/1.1" 200 4154
[20/Apr/2026 20:54:13] "GET /system/api/dashboard/ HTTP/1.1" 200 59136
[20/Apr/2026 20:54:19] "GET /operation/stations/ HTTP/1.1" 200 63958
[20/Apr/2026 20:54:20] "GET /predict/api/48h/ HTTP/1.1" 302 0
[20/Apr/2026 20:54:20] "GET /accounts/login/?next=/predict/api/48h/ HTTP/1.1" 302 0
[20/Apr/2026 20:54:20] "GET /system/login/ HTTP/1.1" 200 4154
[20/Apr/2026 20:54:25] "GET /operation/vehicles/ HTTP/1.1" 200 117464
[20/Apr/2026 20:54:30] "GET /predict/api/48h/ HTTP/1.1" 302 0
[20/Apr/2026 20:54:30] "GET /accounts/login/?next=/predict/api/48h/ HTTP/1.1" 302 0
[20/Apr/2026 20:54:30] "GET /system/login/ HTTP/1.1" 200 4154
[20/Apr/2026 20:54:32] "GET /operation/api/station-runtime/ HTTP/1.1" 200 22833
[20/Apr/2026 20:54:35] "GET /operation/vehicles/ HTTP/1.1" 200 117464
[20/Apr/2026 20:54:40] "GET /predict/api/48h/ HTTP/1.1" 302 0
[20/Apr/2026 20:54:40] "GET /accounts/login/?next=/predict/api/48h/ HTTP/1.1" 302 0
[20/Apr/2026 20:54:40] "GET /system/login/ HTTP/1.1" 200 4154
[20/Apr/2026 20:54:45] "GET /operation/api/station-runtime/ HTTP/1.1" 200 22819
[20/Apr/2026 20:54:45] "GET /operation/ HTTP/1.1" 200 128988
[20/Apr/2026 20:54:50] "GET /predict/api/48h/ HTTP/1.1" 302 0
[20/Apr/2026 20:54:50] "GET /accounts/login/?next=/predict/api/48h/ HTTP/1.1" 302 0
[20/Apr/2026 20:54:50] "GET /system/login/ HTTP/1.1" 200 4154
[20/Apr/2026 20:54:52] "GET /operation/api/parking-data/ HTTP/1.1" 200 48272
[20/Apr/2026 20:54:52] "GET /operation/stations/ HTTP/1.1" 200 63949
[20/Apr/2026 20:54:55] "GET /operation/api/station-runtime/ HTTP/1.1" 200 22820
[20/Apr/2026 20:55:00] "GET /predict/api/48h/ HTTP/1.1" 302 0
[20/Apr/2026 20:55:00] "GET /accounts/login/?next=/predict/api/48h/ HTTP/1.1" 302 0
[20/Apr/2026 20:55:00] "GET /system/login/ HTTP/1.1" 200 4154
[20/Apr/2026 20:55:06] "GET /predict/ HTTP/1.1" 200 32082
[20/Apr/2026 20:55:08] "GET /operation/api/station-runtime/ HTTP/1.1" 200 22833
[20/Apr/2026 20:55:10] "GET /predict/api/48h/ HTTP/1.1" 302 0
[20/Apr/2026 20:55:10] "GET /accounts/login/?next=/predict/api/48h/ HTTP/1.1" 302 0
[20/Apr/2026 20:55:10] "GET /system/login/ HTTP/1.1" 200 4154
[20/Apr/2026 20:55:20] "GET /predict/api/48h/ HTTP/1.1" 302 0
[20/Apr/2026 20:55:20] "GET /accounts/login/?next=/predict/api/48h/ HTTP/1.1" 302 0
[20/Apr/2026 20:55:20] "GET /system/login/ HTTP/1.1" 200 4154
[20/Apr/2026 20:55:30] "GET /predict/api/48h/ HTTP/1.1" 302 0
[20/Apr/2026 20:55:30] "GET /accounts/login/?next=/predict/api/48h/ HTTP/1.1" 302 0
[20/Apr/2026 20:55:30] "GET /system/login/ HTTP/1.1" 200 4154
[20/Apr/2026 20:55:40] "GET /predict/api/48h/ HTTP/1.1" 302 0
[20/Apr/2026 20:55:40] "GET /accounts/login/?next=/predict/api/48h/ HTTP/1.1" 302 0
[20/Apr/2026 20:55:40] "GET /system/login/ HTTP/1.1" 200 4154
[20/Apr/2026 20:55:50] "GET /predict/api/48h/ HTTP/1.1" 302 0
[20/Apr/2026 20:55:50] "GET /accounts/login/?next=/predict/api/48h/ HTTP/1.1" 302 0
[20/Apr/2026 20:55:50] "GET /system/login/ HTTP/1.1" 200 4154
[20/Apr/2026 20:56:00] "GET /predict/api/48h/ HTTP/1.1" 302 0
[20/Apr/2026 20:56:00] "GET /accounts/login/?next=/predict/api/48h/ HTTP/1.1" 302 0
[20/Apr/2026 20:56:00] "GET /system/login/ HTTP/1.1" 200 4154
[20/Apr/2026 20:56:10] "GET /predict/api/48h/ HTTP/1.1" 302 0
[20/Apr/2026 20:56:10] "GET /accounts/login/?next=/predict/api/48h/ HTTP/1.1" 302 0
[20/Apr/2026 20:56:10] "GET /system/login/ HTTP/1.1" 200 4154
[20/Apr/2026 20:56:20] "GET /predict/api/48h/ HTTP/1.1" 302 0
[20/Apr/2026 20:56:20] "GET /accounts/login/?next=/predict/api/48h/ HTTP/1.1" 302 0
[20/Apr/2026 20:56:20] "GET /system/login/ HTTP/1.1" 200 4154
[20/Apr/2026 20:56:30] "GET /predict/api/48h/ HTTP/1.1" 302 0
[20/Apr/2026 20:56:30] "GET /accounts/login/?next=/predict/api/48h/ HTTP/1.1" 302 0
[20/Apr/2026 20:56:30] "GET /system/login/ HTTP/1.1" 200 4154
[20/Apr/2026 20:56:40] "GET /predict/api/48h/ HTTP/1.1" 302 0
[20/Apr/2026 20:56:40] "GET /accounts/login/?next=/predict/api/48h/ HTTP/1.1" 302 0
[20/Apr/2026 20:56:40] "GET /system/login/ HTTP/1.1" 200 4154
[20/Apr/2026 20:56:50] "GET /predict/api/48h/ HTTP/1.1" 302 0
[20/Apr/2026 20:56:50] "GET /accounts/login/?next=/predict/api/48h/ HTTP/1.1" 302 0
[20/Apr/2026 20:56:50] "GET /system/login/ HTTP/1.1" 200 4154
[20/Apr/2026 20:57:00] "GET /predict/api/48h/ HTTP/1.1" 302 0
[20/Apr/2026 20:57:00] "GET /accounts/login/?next=/predict/api/48h/ HTTP/1.1" 302 0
[20/Apr/2026 20:57:00] "GET /system/login/ HTTP/1.1" 200 4154
[20/Apr/2026 20:57:10] "GET /predict/api/48h/ HTTP/1.1" 302 0
[20/Apr/2026 20:57:10] "GET /accounts/login/?next=/predict/api/48h/ HTTP/1.1" 302 0
[20/Apr/2026 20:57:10] "GET /system/login/ HTTP/1.1" 200 4154
[20/Apr/2026 20:57:20] "GET /predict/api/48h/ HTTP/1.1" 302 0
[20/Apr/2026 20:57:20] "GET /accounts/login/?next=/predict/api/48h/ HTTP/1.1" 302 0
[20/Apr/2026 20:57:20] "GET /system/login/ HTTP/1.1" 200 4154
[20/Apr/2026 20:57:30] "GET /predict/api/48h/ HTTP/1.1" 302 0
[20/Apr/2026 20:57:30] "GET /accounts/login/?next=/predict/api/48h/ HTTP/1.1" 302 0
[20/Apr/2026 20:57:30] "GET /system/login/ HTTP/1.1" 200 4154
[20/Apr/2026 20:57:40] "GET /predict/api/48h/ HTTP/1.1" 302 0
[20/Apr/2026 20:57:40] "GET /accounts/login/?next=/predict/api/48h/ HTTP/1.1" 302 0
[20/Apr/2026 20:57:40] "GET /system/login/ HTTP/1.1" 200 4154
[20/Apr/2026 20:57:50] "GET /predict/api/48h/ HTTP/1.1" 302 0
[20/Apr/2026 20:57:50] "GET /accounts/login/?next=/predict/api/48h/ HTTP/1.1" 302 0
[20/Apr/2026 20:57:50] "GET /system/login/ HTTP/1.1" 200 4154
[20/Apr/2026 20:58:00] "GET /predict/api/48h/ HTTP/1.1" 302 0
[20/Apr/2026 20:58:00] "GET /accounts/login/?next=/predict/api/48h/ HTTP/1.1" 302 0
[20/Apr/2026 20:58:00] "GET /system/login/ HTTP/1.1" 200 4154
[20/Apr/2026 20:58:10] "GET /predict/api/48h/ HTTP/1.1" 302 0
[20/Apr/2026 20:58:10] "GET /accounts/login/?next=/predict/api/48h/ HTTP/1.1" 302 0
[20/Apr/2026 20:58:10] "GET /system/login/ HTTP/1.1" 200 4154
[20/Apr/2026 20:58:20] "GET /predict/api/48h/ HTTP/1.1" 302 0
[20/Apr/2026 20:58:20] "GET /accounts/login/?next=/predict/api/48h/ HTTP/1.1" 302 0
[20/Apr/2026 20:58:20] "GET /system/login/ HTTP/1.1" 200 4154
[20/Apr/2026 20:58:30] "GET /predict/api/48h/ HTTP/1.1" 302 0
[20/Apr/2026 20:58:30] "GET /accounts/login/?next=/predict/api/48h/ HTTP/1.1" 302 0
[20/Apr/2026 20:58:30] "GET /system/login/ HTTP/1.1" 200 4154
[20/Apr/2026 20:58:40] "GET /predict/api/48h/ HTTP/1.1" 302 0
[20/Apr/2026 20:58:40] "GET /accounts/login/?next=/predict/api/48h/ HTTP/1.1" 302 0
[20/Apr/2026 20:58:40] "GET /system/login/ HTTP/1.1" 200 4154
[20/Apr/2026 20:58:50] "GET /predict/api/48h/ HTTP/1.1" 302 0
[20/Apr/2026 20:58:50] "GET /accounts/login/?next=/predict/api/48h/ HTTP/1.1" 302 0
[20/Apr/2026 20:58:50] "GET /system/login/ HTTP/1.1" 200 4154
[20/Apr/2026 20:59:00] "GET /predict/api/48h/ HTTP/1.1" 302 0
[20/Apr/2026 20:59:00] "GET /accounts/login/?next=/predict/api/48h/ HTTP/1.1" 302 0
[20/Apr/2026 20:59:00] "GET /system/login/ HTTP/1.1" 200 4154
[20/Apr/2026 20:59:10] "GET /predict/api/48h/ HTTP/1.1" 302 0
[20/Apr/2026 20:59:10] "GET /accounts/login/?next=/predict/api/48h/ HTTP/1.1" 302 0
[20/Apr/2026 20:59:10] "GET /system/login/ HTTP/1.1" 200 4154
[20/Apr/2026 20:59:20] "GET /predict/api/48h/ HTTP/1.1" 302 0
[20/Apr/2026 20:59:20] "GET /accounts/login/?next=/predict/api/48h/ HTTP/1.1" 302 0
[20/Apr/2026 20:59:20] "GET /system/login/ HTTP/1.1" 200 4154
[20/Apr/2026 20:59:30] "GET /predict/api/48h/ HTTP/1.1" 302 0
[20/Apr/2026 20:59:30] "GET /accounts/login/?next=/predict/api/48h/ HTTP/1.1" 302 0
[20/Apr/2026 20:59:30] "GET /system/login/ HTTP/1.1" 200 4154
[20/Apr/2026 20:59:40] "GET /predict/api/48h/ HTTP/1.1" 302 0
[20/Apr/2026 20:59:40] "GET /accounts/login/?next=/predict/api/48h/ HTTP/1.1" 302 0
[20/Apr/2026 20:59:40] "GET /system/login/ HTTP/1.1" 200 4154
[20/Apr/2026 20:59:49] "GET /operation/ HTTP/1.1" 200 128988
[20/Apr/2026 20:59:50] "GET /predict/api/48h/ HTTP/1.1" 302 0
[20/Apr/2026 20:59:50] "GET /accounts/login/?next=/predict/api/48h/ HTTP/1.1" 302 0
[20/Apr/2026 20:59:50] "GET /system/login/ HTTP/1.1" 200 4154
[20/Apr/2026 21:00:00] "GET /predict/api/48h/ HTTP/1.1" 302 0
[20/Apr/2026 21:00:00] "GET /accounts/login/?next=/predict/api/48h/ HTTP/1.1" 302 0
[20/Apr/2026 21:00:00] "GET /system/login/ HTTP/1.1" 200 4154
2026-04-20 21:00:05.631889: I tensorflow/stream_executor/cuda/cuda_dnn.cc:384] Loaded cuDNN version 8101
2026-04-20 21:00:06.946276: I tensorflow/stream_executor/cuda/cuda_blas.cc:1614] TensorFloat-32 will be used for the matrix multiplication. This will only be logged once.
[20/Apr/2026 21:00:09] "GET /operation/api/parking-data/ HTTP/1.1" 200 48189
[20/Apr/2026 21:00:10] "GET /predict/api/48h/ HTTP/1.1" 302 0
[20/Apr/2026 21:00:10] "GET /accounts/login/?next=/predict/api/48h/ HTTP/1.1" 302 0
[20/Apr/2026 21:00:10] "GET /system/login/ HTTP/1.1" 200 4154
[20/Apr/2026 21:00:12] "GET /operation/api/parking-data/ HTTP/1.1" 200 48260
[20/Apr/2026 21:00:20] "GET /predict/api/48h/ HTTP/1.1" 302 0
[20/Apr/2026 21:00:20] "GET /accounts/login/?next=/predict/api/48h/ HTTP/1.1" 302 0
[20/Apr/2026 21:00:20] "GET /system/login/ HTTP/1.1" 200 4154
[20/Apr/2026 21:00:23] "GET /operation/api/parking-data/ HTTP/1.1" 200 48259
[20/Apr/2026 21:00:30] "GET /predict/api/48h/ HTTP/1.1" 302 0
[20/Apr/2026 21:00:30] "GET /accounts/login/?next=/predict/api/48h/ HTTP/1.1" 302 0
[20/Apr/2026 21:00:30] "GET /system/login/ HTTP/1.1" 200 4154
[20/Apr/2026 21:00:33] "GET /operation/api/parking-data/ HTTP/1.1" 200 48332
[20/Apr/2026 21:00:40] "GET /predict/api/48h/ HTTP/1.1" 302 0
[20/Apr/2026 21:00:40] "GET /accounts/login/?next=/predict/api/48h/ HTTP/1.1" 302 0
[20/Apr/2026 21:00:40] "GET /system/login/ HTTP/1.1" 200 4154
[20/Apr/2026 21:00:41] "GET /operation/api/parking-data/ HTTP/1.1" 200 48332
[20/Apr/2026 21:00:50] "GET /predict/api/48h/ HTTP/1.1" 302 0
[20/Apr/2026 21:00:50] "GET /accounts/login/?next=/predict/api/48h/ HTTP/1.1" 302 0
[20/Apr/2026 21:00:50] "GET /system/login/ HTTP/1.1" 200 4154
[20/Apr/2026 21:00:52] "GET /operation/api/parking-data/ HTTP/1.1" 200 48339
[20/Apr/2026 21:01:00] "GET /predict/api/48h/ HTTP/1.1" 302 0
[20/Apr/2026 21:01:00] "GET /accounts/login/?next=/predict/api/48h/ HTTP/1.1" 302 0
[20/Apr/2026 21:01:00] "GET /system/login/ HTTP/1.1" 200 4154
[20/Apr/2026 21:01:02] "GET /operation/api/parking-data/ HTTP/1.1" 200 48261
[20/Apr/2026 21:01:10] "GET /predict/api/48h/ HTTP/1.1" 302 0
[20/Apr/2026 21:01:10] "GET /accounts/login/?next=/predict/api/48h/ HTTP/1.1" 302 0
[20/Apr/2026 21:01:10] "GET /system/login/ HTTP/1.1" 200 4154
[20/Apr/2026 21:01:12] "GET /operation/api/parking-data/ HTTP/1.1" 200 48260
[20/Apr/2026 21:01:20] "GET /predict/api/48h/ HTTP/1.1" 302 0
[20/Apr/2026 21:01:20] "GET /accounts/login/?next=/predict/api/48h/ HTTP/1.1" 302 0
[20/Apr/2026 21:01:20] "GET /system/login/ HTTP/1.1" 200 4154
[20/Apr/2026 21:01:21] "GET /operation/api/parking-data/ HTTP/1.1" 200 48259
[20/Apr/2026 21:01:30] "GET /predict/api/48h/ HTTP/1.1" 302 0
[20/Apr/2026 21:01:30] "GET /accounts/login/?next=/predict/api/48h/ HTTP/1.1" 302 0
[20/Apr/2026 21:01:30] "GET /system/login/ HTTP/1.1" 200 4154
[20/Apr/2026 21:01:31] "GET /operation/api/parking-data/ HTTP/1.1" 200 48332
[20/Apr/2026 21:01:36] "GET /predict/ HTTP/1.1" 200 32082
[20/Apr/2026 21:01:38] "GET /system/dashboard/ HTTP/1.1" 200 142156
[20/Apr/2026 21:01:39] "GET /predict/api/48h/ HTTP/1.1" 200 271898
[20/Apr/2026 21:01:40] "GET /predict/api/48h/ HTTP/1.1" 302 0
[20/Apr/2026 21:01:40] "GET /accounts/login/?next=/predict/api/48h/ HTTP/1.1" 302 0
[20/Apr/2026 21:01:40] "GET /system/login/ HTTP/1.1" 200 4154
[20/Apr/2026 21:01:42] "GET /system/api/dashboard/ HTTP/1.1" 200 59190
[20/Apr/2026 21:01:50] "GET /predict/api/48h/ HTTP/1.1" 302 0
[20/Apr/2026 21:01:50] "GET /accounts/login/?next=/predict/api/48h/ HTTP/1.1" 302 0
[20/Apr/2026 21:01:50] "GET /system/login/ HTTP/1.1" 200 4154
[20/Apr/2026 21:01:53] "GET /system/api/dashboard/ HTTP/1.1" 200 59200
[20/Apr/2026 21:02:00] "GET /predict/api/48h/ HTTP/1.1" 302 0
[20/Apr/2026 21:02:00] "GET /accounts/login/?next=/predict/api/48h/ HTTP/1.1" 302 0
[20/Apr/2026 21:02:00] "GET /system/login/ HTTP/1.1" 200 4154
[20/Apr/2026 21:02:03] "GET /system/api/dashboard/ HTTP/1.1" 200 59117
[20/Apr/2026 21:02:10] "GET /predict/api/48h/ HTTP/1.1" 302 0
[20/Apr/2026 21:02:10] "GET /accounts/login/?next=/predict/api/48h/ HTTP/1.1" 302 0
[20/Apr/2026 21:02:10] "GET /system/login/ HTTP/1.1" 200 4154
[20/Apr/2026 21:02:13] "GET /system/api/dashboard/ HTTP/1.1" 200 59116
[20/Apr/2026 21:02:20] "GET /predict/api/48h/ HTTP/1.1" 302 0
[20/Apr/2026 21:02:20] "GET /accounts/login/?next=/predict/api/48h/ HTTP/1.1" 302 0
[20/Apr/2026 21:02:20] "GET /system/login/ HTTP/1.1" 200 4154
[20/Apr/2026 21:02:23] "GET /system/api/dashboard/ HTTP/1.1" 200 59112
[20/Apr/2026 21:02:30] "GET /predict/api/48h/ HTTP/1.1" 302 0
[20/Apr/2026 21:02:30] "GET /accounts/login/?next=/predict/api/48h/ HTTP/1.1" 302 0
[20/Apr/2026 21:02:30] "GET /system/login/ HTTP/1.1" 200 4154
[20/Apr/2026 21:02:33] "GET /system/api/dashboard/ HTTP/1.1" 200 59192
[20/Apr/2026 21:02:40] "GET /predict/api/48h/ HTTP/1.1" 302 0
[20/Apr/2026 21:02:40] "GET /accounts/login/?next=/predict/api/48h/ HTTP/1.1" 302 0
[20/Apr/2026 21:02:40] "GET /system/login/ HTTP/1.1" 200 4154
[20/Apr/2026 21:02:43] "GET /system/api/dashboard/ HTTP/1.1" 200 59190
[20/Apr/2026 21:02:50] "GET /predict/api/48h/ HTTP/1.1" 302 0
[20/Apr/2026 21:02:50] "GET /accounts/login/?next=/predict/api/48h/ HTTP/1.1" 302 0
[20/Apr/2026 21:02:50] "GET /system/login/ HTTP/1.1" 200 4154
[20/Apr/2026 21:02:53] "GET /system/api/dashboard/ HTTP/1.1" 200 59200
[20/Apr/2026 21:03:00] "GET /predict/api/48h/ HTTP/1.1" 302 0
[20/Apr/2026 21:03:00] "GET /accounts/login/?next=/predict/api/48h/ HTTP/1.1" 302 0
[20/Apr/2026 21:03:00] "GET /system/login/ HTTP/1.1" 200 4154
[20/Apr/2026 21:03:03] "GET /system/api/dashboard/ HTTP/1.1" 200 59117
[20/Apr/2026 21:03:10] "GET /predict/api/48h/ HTTP/1.1" 302 0
[20/Apr/2026 21:03:10] "GET /accounts/login/?next=/predict/api/48h/ HTTP/1.1" 302 0
[20/Apr/2026 21:03:10] "GET /system/login/ HTTP/1.1" 200 4154
[20/Apr/2026 21:03:12] "GET /system/api/dashboard/ HTTP/1.1" 200 59116
[20/Apr/2026 21:03:20] "GET /predict/api/48h/ HTTP/1.1" 302 0
[20/Apr/2026 21:03:20] "GET /accounts/login/?next=/predict/api/48h/ HTTP/1.1" 302 0
[20/Apr/2026 21:03:20] "GET /system/login/ HTTP/1.1" 200 4154
[20/Apr/2026 21:03:22] "GET /system/api/dashboard/ HTTP/1.1" 200 59112
[20/Apr/2026 21:03:30] "GET /predict/api/48h/ HTTP/1.1" 302 0
[20/Apr/2026 21:03:30] "GET /accounts/login/?next=/predict/api/48h/ HTTP/1.1" 302 0
[20/Apr/2026 21:03:30] "GET /system/login/ HTTP/1.1" 200 4154
[20/Apr/2026 21:03:32] "GET /system/api/dashboard/ HTTP/1.1" 200 59192
[20/Apr/2026 21:03:40] "GET /predict/api/48h/ HTTP/1.1" 302 0
[20/Apr/2026 21:03:40] "GET /accounts/login/?next=/predict/api/48h/ HTTP/1.1" 302 0
[20/Apr/2026 21:03:40] "GET /system/login/ HTTP/1.1" 200 4154
[20/Apr/2026 21:03:42] "GET /system/api/dashboard/ HTTP/1.1" 200 59190
[20/Apr/2026 21:03:50] "GET /predict/api/48h/ HTTP/1.1" 302 0
[20/Apr/2026 21:03:50] "GET /accounts/login/?next=/predict/api/48h/ HTTP/1.1" 302 0
[20/Apr/2026 21:03:50] "GET /system/login/ HTTP/1.1" 200 4154
[20/Apr/2026 21:03:52] "GET /system/api/dashboard/ HTTP/1.1" 200 59200
[20/Apr/2026 21:04:00] "GET /predict/api/48h/ HTTP/1.1" 302 0
[20/Apr/2026 21:04:00] "GET /accounts/login/?next=/predict/api/48h/ HTTP/1.1" 302 0
[20/Apr/2026 21:04:00] "GET /system/login/ HTTP/1.1" 200 4154
[20/Apr/2026 21:04:02] "GET /system/api/dashboard/ HTTP/1.1" 200 59117
[20/Apr/2026 21:04:10] "GET /predict/api/48h/ HTTP/1.1" 302 0
[20/Apr/2026 21:04:10] "GET /accounts/login/?next=/predict/api/48h/ HTTP/1.1" 302 0
[20/Apr/2026 21:04:10] "GET /system/login/ HTTP/1.1" 200 4154
[20/Apr/2026 21:04:12] "GET /system/api/dashboard/ HTTP/1.1" 200 59116
[20/Apr/2026 21:04:20] "GET /predict/api/48h/ HTTP/1.1" 302 0
[20/Apr/2026 21:04:20] "GET /accounts/login/?next=/predict/api/48h/ HTTP/1.1" 302 0
[20/Apr/2026 21:04:20] "GET /system/login/ HTTP/1.1" 200 4154
[20/Apr/2026 21:04:22] "GET /system/api/dashboard/ HTTP/1.1" 200 59112
[20/Apr/2026 21:04:30] "GET /predict/api/48h/ HTTP/1.1" 302 0
[20/Apr/2026 21:04:30] "GET /accounts/login/?next=/predict/api/48h/ HTTP/1.1" 302 0
[20/Apr/2026 21:04:30] "GET /system/login/ HTTP/1.1" 200 4154
[20/Apr/2026 21:04:32] "GET /system/api/dashboard/ HTTP/1.1" 200 59192
[20/Apr/2026 21:04:34] "GET /predict/ HTTP/1.1" 200 32082
[20/Apr/2026 21:04:39] "GET /system/dashboard/ HTTP/1.1" 200 142156
[20/Apr/2026 21:04:39] "GET /predict/api/48h/ HTTP/1.1" 200 271898
[20/Apr/2026 21:04:40] "GET /predict/api/48h/ HTTP/1.1" 302 0
[20/Apr/2026 21:04:40] "GET /accounts/login/?next=/predict/api/48h/ HTTP/1.1" 302 0
[20/Apr/2026 21:04:40] "GET /system/login/ HTTP/1.1" 200 4154
[20/Apr/2026 21:04:42] "GET /system/api/dashboard/ HTTP/1.1" 200 59190
[20/Apr/2026 21:04:50] "GET /predict/api/48h/ HTTP/1.1" 302 0
[20/Apr/2026 21:04:50] "GET /accounts/login/?next=/predict/api/48h/ HTTP/1.1" 302 0
[20/Apr/2026 21:04:50] "GET /system/login/ HTTP/1.1" 200 4154
[20/Apr/2026 21:04:53] "GET /operation/ HTTP/1.1" 200 129020
[20/Apr/2026 21:04:53] "GET /system/api/dashboard/ HTTP/1.1" 200 59200
[20/Apr/2026 21:04:58] "GET /predict/ HTTP/1.1" 200 32082
[20/Apr/2026 21:05:00] "GET /predict/api/48h/ HTTP/1.1" 302 0
[20/Apr/2026 21:05:00] "GET /accounts/login/?next=/predict/api/48h/ HTTP/1.1" 302 0
[20/Apr/2026 21:05:00] "GET /system/login/ HTTP/1.1" 200 4154
[20/Apr/2026 21:05:04] "GET /system/dashboard/ HTTP/1.1" 200 142117
[20/Apr/2026 21:05:04] "GET /predict/api/48h/ HTTP/1.1" 200 271898
[20/Apr/2026 21:05:10] "GET /predict/api/48h/ HTTP/1.1" 302 0
[20/Apr/2026 21:05:10] "GET /accounts/login/?next=/predict/api/48h/ HTTP/1.1" 302 0
[20/Apr/2026 21:05:10] "GET /system/login/ HTTP/1.1" 200 4154
[20/Apr/2026 21:05:13] "GET /system/api/dashboard/ HTTP/1.1" 200 59116
[20/Apr/2026 21:05:20] "GET /predict/api/48h/ HTTP/1.1" 302 0
[20/Apr/2026 21:05:20] "GET /accounts/login/?next=/predict/api/48h/ HTTP/1.1" 302 0
[20/Apr/2026 21:05:20] "GET /system/login/ HTTP/1.1" 200 4154
[20/Apr/2026 21:05:23] "GET /system/api/dashboard/ HTTP/1.1" 200 59112
[20/Apr/2026 21:05:30] "GET /predict/api/48h/ HTTP/1.1" 302 0
[20/Apr/2026 21:05:30] "GET /accounts/login/?next=/predict/api/48h/ HTTP/1.1" 302 0
[20/Apr/2026 21:05:30] "GET /system/login/ HTTP/1.1" 200 4154
[20/Apr/2026 21:05:33] "GET /system/api/dashboard/ HTTP/1.1" 200 59192
[20/Apr/2026 21:05:40] "GET /predict/api/48h/ HTTP/1.1" 302 0
[20/Apr/2026 21:05:40] "GET /accounts/login/?next=/predict/api/48h/ HTTP/1.1" 302 0
[20/Apr/2026 21:05:40] "GET /system/login/ HTTP/1.1" 200 4154
[20/Apr/2026 21:05:42] "GET /system/api/dashboard/ HTTP/1.1" 200 59190
[20/Apr/2026 21:05:50] "GET /predict/api/48h/ HTTP/1.1" 302 0
[20/Apr/2026 21:05:50] "GET /accounts/login/?next=/predict/api/48h/ HTTP/1.1" 302 0
[20/Apr/2026 21:05:50] "GET /system/login/ HTTP/1.1" 200 4154
[20/Apr/2026 21:05:52] "GET /system/api/dashboard/ HTTP/1.1" 200 59200
[20/Apr/2026 21:06:00] "GET /predict/api/48h/ HTTP/1.1" 302 0
[20/Apr/2026 21:06:00] "GET /accounts/login/?next=/predict/api/48h/ HTTP/1.1" 302 0
[20/Apr/2026 21:06:00] "GET /system/login/ HTTP/1.1" 200 4154
[20/Apr/2026 21:06:02] "GET /system/api/dashboard/ HTTP/1.1" 200 59117
[20/Apr/2026 21:06:10] "GET /predict/api/48h/ HTTP/1.1" 302 0
[20/Apr/2026 21:06:10] "GET /accounts/login/?next=/predict/api/48h/ HTTP/1.1" 302 0
[20/Apr/2026 21:06:10] "GET /system/login/ HTTP/1.1" 200 4154
[20/Apr/2026 21:06:12] "GET /system/api/dashboard/ HTTP/1.1" 200 59116
[20/Apr/2026 21:06:20] "GET /predict/api/48h/ HTTP/1.1" 302 0
[20/Apr/2026 21:06:20] "GET /accounts/login/?next=/predict/api/48h/ HTTP/1.1" 302 0
[20/Apr/2026 21:06:20] "GET /system/login/ HTTP/1.1" 200 4154
[20/Apr/2026 21:06:22] "GET /system/api/dashboard/ HTTP/1.1" 200 59112
[20/Apr/2026 21:06:30] "GET /predict/api/48h/ HTTP/1.1" 302 0
[20/Apr/2026 21:06:30] "GET /accounts/login/?next=/predict/api/48h/ HTTP/1.1" 302 0
[20/Apr/2026 21:06:30] "GET /system/login/ HTTP/1.1" 200 4154
[20/Apr/2026 21:06:32] "GET /system/api/dashboard/ HTTP/1.1" 200 59192
[20/Apr/2026 21:06:40] "GET /predict/api/48h/ HTTP/1.1" 302 0
[20/Apr/2026 21:06:40] "GET /accounts/login/?next=/predict/api/48h/ HTTP/1.1" 302 0
[20/Apr/2026 21:06:40] "GET /system/login/ HTTP/1.1" 200 4154
[20/Apr/2026 21:06:42] "GET /system/api/dashboard/ HTTP/1.1" 200 59190
[20/Apr/2026 21:06:50] "GET /predict/api/48h/ HTTP/1.1" 302 0
[20/Apr/2026 21:06:50] "GET /accounts/login/?next=/predict/api/48h/ HTTP/1.1" 302 0
[20/Apr/2026 21:06:50] "GET /system/login/ HTTP/1.1" 200 4154
[20/Apr/2026 21:06:52] "GET /system/api/dashboard/ HTTP/1.1" 200 59200
[20/Apr/2026 21:07:00] "GET /predict/api/48h/ HTTP/1.1" 302 0
[20/Apr/2026 21:07:00] "GET /accounts/login/?next=/predict/api/48h/ HTTP/1.1" 302 0
[20/Apr/2026 21:07:00] "GET /system/login/ HTTP/1.1" 200 4154
[20/Apr/2026 21:07:02] "GET /system/api/dashboard/ HTTP/1.1" 200 59117
[20/Apr/2026 21:07:10] "GET /predict/api/48h/ HTTP/1.1" 302 0
[20/Apr/2026 21:07:10] "GET /accounts/login/?next=/predict/api/48h/ HTTP/1.1" 302 0
[20/Apr/2026 21:07:10] "GET /system/login/ HTTP/1.1" 200 4154
[20/Apr/2026 21:07:12] "GET /system/api/dashboard/ HTTP/1.1" 200 59116
[20/Apr/2026 21:07:20] "GET /predict/api/48h/ HTTP/1.1" 302 0
[20/Apr/2026 21:07:20] "GET /accounts/login/?next=/predict/api/48h/ HTTP/1.1" 302 0
[20/Apr/2026 21:07:20] "GET /system/login/ HTTP/1.1" 200 4154
[20/Apr/2026 21:07:22] "GET /system/api/dashboard/ HTTP/1.1" 200 59112
[20/Apr/2026 21:07:30] "GET /predict/api/48h/ HTTP/1.1" 302 0
[20/Apr/2026 21:07:30] "GET /accounts/login/?next=/predict/api/48h/ HTTP/1.1" 302 0
[20/Apr/2026 21:07:30] "GET /system/login/ HTTP/1.1" 200 4154
[20/Apr/2026 21:07:32] "GET /system/api/dashboard/ HTTP/1.1" 200 59192
[20/Apr/2026 21:07:40] "GET /predict/api/48h/ HTTP/1.1" 302 0
[20/Apr/2026 21:07:40] "GET /accounts/login/?next=/predict/api/48h/ HTTP/1.1" 302 0
[20/Apr/2026 21:07:40] "GET /system/login/ HTTP/1.1" 200 4154
[20/Apr/2026 21:07:42] "GET /system/api/dashboard/ HTTP/1.1" 200 59190
[20/Apr/2026 21:07:50] "GET /predict/api/48h/ HTTP/1.1" 302 0
[20/Apr/2026 21:07:50] "GET /accounts/login/?next=/predict/api/48h/ HTTP/1.1" 302 0
[20/Apr/2026 21:07:50] "GET /system/login/ HTTP/1.1" 200 4154
[20/Apr/2026 21:07:52] "GET /system/api/dashboard/ HTTP/1.1" 200 59200
[20/Apr/2026 21:07:57] "GET /system/settings/ HTTP/1.1" 200 39892
[20/Apr/2026 21:08:00] "GET /predict/api/48h/ HTTP/1.1" 302 0
[20/Apr/2026 21:08:00] "GET /accounts/login/?next=/predict/api/48h/ HTTP/1.1" 302 0
[20/Apr/2026 21:08:00] "GET /system/login/ HTTP/1.1" 200 4154
[20/Apr/2026 21:08:07] "POST /system/settings/ HTTP/1.1" 302 0
[20/Apr/2026 21:08:07] "GET /system/settings/ HTTP/1.1" 200 40209
[20/Apr/2026 21:08:10] "GET /predict/api/48h/ HTTP/1.1" 302 0
[20/Apr/2026 21:08:10] "GET /accounts/login/?next=/predict/api/48h/ HTTP/1.1" 302 0
[20/Apr/2026 21:08:10] "GET /system/login/ HTTP/1.1" 200 4154
[20/Apr/2026 21:08:16] "GET /predict/ HTTP/1.1" 200 32082
[20/Apr/2026 21:08:20] "GET /predict/api/48h/ HTTP/1.1" 302 0
[20/Apr/2026 21:08:20] "GET /accounts/login/?next=/predict/api/48h/ HTTP/1.1" 302 0
[20/Apr/2026 21:08:20] "GET /system/login/ HTTP/1.1" 200 4154
[20/Apr/2026 21:08:21] "GET /system/dashboard/ HTTP/1.1" 200 142296
[20/Apr/2026 21:08:22] "GET /predict/api/48h/ HTTP/1.1" 200 283856
[20/Apr/2026 21:08:30] "GET /predict/api/48h/ HTTP/1.1" 302 0
[20/Apr/2026 21:08:30] "GET /accounts/login/?next=/predict/api/48h/ HTTP/1.1" 302 0
[20/Apr/2026 21:08:30] "GET /system/login/ HTTP/1.1" 200 4154
[20/Apr/2026 21:08:32] "GET /system/api/dashboard/ HTTP/1.1" 200 59192
[20/Apr/2026 21:08:40] "GET /predict/api/48h/ HTTP/1.1" 302 0
[20/Apr/2026 21:08:40] "GET /accounts/login/?next=/predict/api/48h/ HTTP/1.1" 302 0
[20/Apr/2026 21:08:40] "GET /system/login/ HTTP/1.1" 200 4154
[20/Apr/2026 21:08:42] "GET /system/api/dashboard/ HTTP/1.1" 200 59190
[20/Apr/2026 21:08:46] "GET /operation/stations/ HTTP/1.1" 200 63989
[20/Apr/2026 21:08:50] "GET /predict/api/48h/ HTTP/1.1" 302 0
[20/Apr/2026 21:08:50] "GET /accounts/login/?next=/predict/api/48h/ HTTP/1.1" 302 0
[20/Apr/2026 21:08:50] "GET /system/login/ HTTP/1.1" 200 4154
[20/Apr/2026 21:08:59] "GET /operation/api/station-runtime/ HTTP/1.1" 200 22890
[20/Apr/2026 21:09:00] "GET /predict/api/48h/ HTTP/1.1" 302 0
[20/Apr/2026 21:09:00] "GET /accounts/login/?next=/predict/api/48h/ HTTP/1.1" 302 0
[20/Apr/2026 21:09:00] "GET /system/login/ HTTP/1.1" 200 4154
[20/Apr/2026 21:09:10] "GET /predict/api/48h/ HTTP/1.1" 302 0
[20/Apr/2026 21:09:10] "GET /accounts/login/?next=/predict/api/48h/ HTTP/1.1" 302 0
[20/Apr/2026 21:09:10] "GET /system/login/ HTTP/1.1" 200 4154
[20/Apr/2026 21:09:10] "GET /operation/api/station-runtime/ HTTP/1.1" 200 22819
[20/Apr/2026 21:09:20] "GET /predict/api/48h/ HTTP/1.1" 302 0
[20/Apr/2026 21:09:20] "GET /accounts/login/?next=/predict/api/48h/ HTTP/1.1" 302 0
[20/Apr/2026 21:09:20] "GET /system/login/ HTTP/1.1" 200 4154
[20/Apr/2026 21:09:22] "GET /operation/api/station-runtime/ HTTP/1.1" 200 22817
[20/Apr/2026 21:09:30] "GET /predict/api/48h/ HTTP/1.1" 302 0
[20/Apr/2026 21:09:30] "GET /accounts/login/?next=/predict/api/48h/ HTTP/1.1" 302 0
[20/Apr/2026 21:09:30] "GET /system/login/ HTTP/1.1" 200 4154
[20/Apr/2026 21:09:33] "GET /operation/vehicles/ HTTP/1.1" 200 117464
[20/Apr/2026 21:09:35] "GET /operation/api/station-runtime/ HTTP/1.1" 200 22890
[20/Apr/2026 21:09:40] "GET /predict/api/48h/ HTTP/1.1" 302 0
[20/Apr/2026 21:09:40] "GET /accounts/login/?next=/predict/api/48h/ HTTP/1.1" 302 0
[20/Apr/2026 21:09:40] "GET /system/login/ HTTP/1.1" 200 4154
[20/Apr/2026 21:09:46] "GET /operation/api/vehicle-runtime/?page=1 HTTP/1.1" 200 12776
[20/Apr/2026 21:09:50] "GET /predict/api/48h/ HTTP/1.1" 302 0
[20/Apr/2026 21:09:50] "GET /accounts/login/?next=/predict/api/48h/ HTTP/1.1" 302 0
[20/Apr/2026 21:09:50] "GET /system/login/ HTTP/1.1" 200 4154
[20/Apr/2026 21:09:58] "GET /operation/api/vehicle-runtime/?page=1 HTTP/1.1" 200 12776
[20/Apr/2026 21:10:00] "GET /predict/api/48h/ HTTP/1.1" 302 0
[20/Apr/2026 21:10:00] "GET /accounts/login/?next=/predict/api/48h/ HTTP/1.1" 302 0
[20/Apr/2026 21:10:00] "GET /system/login/ HTTP/1.1" 200 4154
[20/Apr/2026 21:10:10] "GET /predict/api/48h/ HTTP/1.1" 302 0
[20/Apr/2026 21:10:10] "GET /accounts/login/?next=/predict/api/48h/ HTTP/1.1" 302 0
[20/Apr/2026 21:10:10] "GET /system/login/ HTTP/1.1" 200 4154
[20/Apr/2026 21:10:10] "GET /operation/api/vehicle-runtime/?page=1 HTTP/1.1" 200 12776
[20/Apr/2026 21:10:20] "GET /predict/api/48h/ HTTP/1.1" 302 0
[20/Apr/2026 21:10:20] "GET /accounts/login/?next=/predict/api/48h/ HTTP/1.1" 302 0
[20/Apr/2026 21:10:20] "GET /system/login/ HTTP/1.1" 200 4154
[20/Apr/2026 21:10:22] "GET /operation/api/vehicle-runtime/?page=1 HTTP/1.1" 200 12776
[20/Apr/2026 21:10:30] "GET /predict/api/48h/ HTTP/1.1" 302 0
[20/Apr/2026 21:10:30] "GET /accounts/login/?next=/predict/api/48h/ HTTP/1.1" 302 0
[20/Apr/2026 21:10:30] "GET /system/login/ HTTP/1.1" 200 4154
[20/Apr/2026 21:10:34] "GET /operation/api/vehicle-runtime/?page=1 HTTP/1.1" 200 12776
[20/Apr/2026 21:10:40] "GET /predict/api/48h/ HTTP/1.1" 302 0
[20/Apr/2026 21:10:40] "GET /accounts/login/?next=/predict/api/48h/ HTTP/1.1" 302 0
[20/Apr/2026 21:10:40] "GET /system/login/ HTTP/1.1" 200 4154
[20/Apr/2026 21:10:41] "GET /operation/vehicles/?station_id=&status=faulty HTTP/1.1" 200 50064
[20/Apr/2026 21:10:50] "GET /predict/api/48h/ HTTP/1.1" 302 0
[20/Apr/2026 21:10:50] "GET /accounts/login/?next=/predict/api/48h/ HTTP/1.1" 302 0
[20/Apr/2026 21:10:50] "GET /system/login/ HTTP/1.1" 200 4154
[20/Apr/2026 21:10:54] "GET /operation/api/vehicle-runtime/?status=faulty&page=1 HTTP/1.1" 200 1124
[20/Apr/2026 21:11:00] "GET /predict/api/48h/ HTTP/1.1" 302 0
[20/Apr/2026 21:11:00] "GET /accounts/login/?next=/predict/api/48h/ HTTP/1.1" 302 0
[20/Apr/2026 21:11:00] "GET /system/login/ HTTP/1.1" 200 4154
[20/Apr/2026 21:11:03] "GET /operation/stations/ HTTP/1.1" 200 63950
[20/Apr/2026 21:11:04] "GET /system/settings/ HTTP/1.1" 200 39961
[20/Apr/2026 21:11:08] "GET /system/dashboard/ HTTP/1.1" 200 142297
[20/Apr/2026 21:11:09] "GET /predict/api/48h/ HTTP/1.1" 200 283856
[20/Apr/2026 21:11:10] "GET /predict/api/48h/ HTTP/1.1" 302 0
[20/Apr/2026 21:11:10] "GET /accounts/login/?next=/predict/api/48h/ HTTP/1.1" 302 0
[20/Apr/2026 21:11:10] "GET /system/login/ HTTP/1.1" 200 4154
[20/Apr/2026 21:11:13] "GET /system/api/dashboard/ HTTP/1.1" 200 59116
[20/Apr/2026 21:11:20] "GET /predict/api/48h/ HTTP/1.1" 302 0
[20/Apr/2026 21:11:20] "GET /accounts/login/?next=/predict/api/48h/ HTTP/1.1" 302 0
[20/Apr/2026 21:11:20] "GET /system/login/ HTTP/1.1" 200 4154
[20/Apr/2026 21:11:23] "GET /system/api/dashboard/ HTTP/1.1" 200 59112
[20/Apr/2026 21:11:27] "GET / HTTP/1.1" 302 0
[20/Apr/2026 21:11:27] "GET /system/dashboard/ HTTP/1.1" 302 0
[20/Apr/2026 21:11:27] "GET /accounts/login/?next=/system/dashboard/ HTTP/1.1" 302 0
[20/Apr/2026 21:11:27] "GET /system/login/ HTTP/1.1" 200 4154
[20/Apr/2026 21:11:27] "GET /system/dashboard/ HTTP/1.1" 302 0
[20/Apr/2026 21:11:27] "GET /accounts/login/?next=/system/dashboard/ HTTP/1.1" 302 0
[20/Apr/2026 21:11:27] "GET /system/login/ HTTP/1.1" 200 4154
[20/Apr/2026 21:11:30] "GET /predict/api/48h/ HTTP/1.1" 302 0
[20/Apr/2026 21:11:30] "GET /accounts/login/?next=/predict/api/48h/ HTTP/1.1" 302 0
[20/Apr/2026 21:11:30] "GET /system/login/ HTTP/1.1" 200 4154
[20/Apr/2026 21:11:32] "GET /system/api/dashboard/ HTTP/1.1" 200 59192
[20/Apr/2026 21:11:40] "GET /predict/api/48h/ HTTP/1.1" 302 0
[20/Apr/2026 21:11:40] "GET /accounts/login/?next=/predict/api/48h/ HTTP/1.1" 302 0
[20/Apr/2026 21:11:40] "GET /system/login/ HTTP/1.1" 200 4154
[20/Apr/2026 21:11:42] "GET /system/api/dashboard/ HTTP/1.1" 200 59190
[20/Apr/2026 21:11:50] "GET /predict/api/48h/ HTTP/1.1" 302 0
[20/Apr/2026 21:11:50] "GET /accounts/login/?next=/predict/api/48h/ HTTP/1.1" 302 0
[20/Apr/2026 21:11:50] "GET /system/login/ HTTP/1.1" 200 4154
[20/Apr/2026 21:11:52] "GET /system/api/dashboard/ HTTP/1.1" 200 59200
[20/Apr/2026 21:12:00] "GET /predict/api/48h/ HTTP/1.1" 302 0
[20/Apr/2026 21:12:00] "GET /accounts/login/?next=/predict/api/48h/ HTTP/1.1" 302 0
[20/Apr/2026 21:12:00] "GET /system/login/ HTTP/1.1" 200 4154
[20/Apr/2026 21:12:02] "GET /system/api/dashboard/ HTTP/1.1" 200 59117
[20/Apr/2026 21:12:10] "GET /predict/api/48h/ HTTP/1.1" 302 0
[20/Apr/2026 21:12:10] "GET /accounts/login/?next=/predict/api/48h/ HTTP/1.1" 302 0
[20/Apr/2026 21:12:10] "GET /system/login/ HTTP/1.1" 200 4154
[20/Apr/2026 21:12:12] "GET /system/api/dashboard/ HTTP/1.1" 200 59116
[20/Apr/2026 21:12:20] "GET /predict/api/48h/ HTTP/1.1" 302 0
[20/Apr/2026 21:12:20] "GET /accounts/login/?next=/predict/api/48h/ HTTP/1.1" 302 0
[20/Apr/2026 21:12:20] "GET /system/login/ HTTP/1.1" 200 4154
[20/Apr/2026 21:12:22] "GET /system/api/dashboard/ HTTP/1.1" 200 59112
[20/Apr/2026 21:12:30] "GET /predict/api/48h/ HTTP/1.1" 302 0
[20/Apr/2026 21:12:30] "GET /accounts/login/?next=/predict/api/48h/ HTTP/1.1" 302 0
[20/Apr/2026 21:12:30] "GET /system/login/ HTTP/1.1" 200 4154
[20/Apr/2026 21:12:32] "GET /system/api/dashboard/ HTTP/1.1" 200 59192
[20/Apr/2026 21:12:40] "GET /predict/api/48h/ HTTP/1.1" 302 0
[20/Apr/2026 21:12:40] "GET /accounts/login/?next=/predict/api/48h/ HTTP/1.1" 302 0
[20/Apr/2026 21:12:40] "GET /system/login/ HTTP/1.1" 200 4154
[20/Apr/2026 21:12:42] "GET /system/api/dashboard/ HTTP/1.1" 200 59190
